[INFO]checking memory leak...
[leak]Memory Range: [0x4c9598 - 0x4c95a4]
Call Stack (depth 1):
  #0  0x3f931fe0 -  in syscall (/home/wuhuang/fuzz/qasan/cramfs-root/lib/arm-linux-gnueabi/libc-2.13.so+0xcdfe0)
[leak]Memory Range: [0x4c96c0 - 0x4d16c0]
Call Stack (depth 1):
  #0  0x3f931fe0 -  in syscall (/home/wuhuang/fuzz/qasan/cramfs-root/lib/arm-linux-gnueabi/libc-2.13.so+0xcdfe0)
[leak]Memory Range: [0x4d1a58 - 0x4d1a64]
Call Stack (depth 1):
  #0  0x3f931fe0 -  in syscall (/home/wuhuang/fuzz/qasan/cramfs-root/lib/arm-linux-gnueabi/libc-2.13.so+0xcdfe0)
[leak]Memory Range: [0x4d1b80 - 0x4d1bbf]
Call Stack (depth 1):
  #0  0x3f931fe0 -  in syscall (/home/wuhuang/fuzz/qasan/cramfs-root/lib/arm-linux-gnueabi/libc-2.13.so+0xcdfe0)
[leak]Memory Range: [0x4d1cd8 - 0x4d1cda]
Call Stack (depth 1):
  #0  0x3f931fe0 -  in syscall (/home/wuhuang/fuzz/qasan/cramfs-root/lib/arm-linux-gnueabi/libc-2.13.so+0xcdfe0)
[leak]Memory Range: [0x4d1df8 - 0x4d1e04]
Call Stack (depth 1):
  #0  0x3f931fe0 -  in syscall (/home/wuhuang/fuzz/qasan/cramfs-root/lib/arm-linux-gnueabi/libc-2.13.so+0xcdfe0)
[leak]Memory Range: [0x4d1f20 - 0x4d1f5d]
Call Stack (depth 1):
  #0  0x3f931fe0 -  in syscall (/home/wuhuang/fuzz/qasan/cramfs-root/lib/arm-linux-gnueabi/libc-2.13.so+0xcdfe0)
[leak]Memory Range: [0x4d2078 - 0x4d207a]
Call Stack (depth 1):
  #0  0x3f931fe0 -  in syscall (/home/wuhuang/fuzz/qasan/cramfs-root/lib/arm-linux-gnueabi/libc-2.13.so+0xcdfe0)
[leak]Memory Range: [0x4d2198 - 0x4d21a4]
Call Stack (depth 1):
  #0  0x3f931fe0 -  in syscall (/home/wuhuang/fuzz/qasan/cramfs-root/lib/arm-linux-gnueabi/libc-2.13.so+0xcdfe0)
[leak]Memory Range: [0x4d22c0 - 0x4d22f5]
Call Stack (depth 1):
  #0  0x3f931fe0 -  in syscall (/home/wuhuang/fuzz/qasan/cramfs-root/lib/arm-linux-gnueabi/libc-2.13.so+0xcdfe0)
[leak]Memory Range: [0x4d2410 - 0x4d2412]
Call Stack (depth 1):
  #0  0x3f931fe0 -  in syscall (/home/wuhuang/fuzz/qasan/cramfs-root/lib/arm-linux-gnueabi/libc-2.13.so+0xcdfe0)
[leak]Memory Range: [0x4d2530 - 0x4d253c]
Call Stack (depth 1):
  #0  0x3f931fe0 -  in syscall (/home/wuhuang/fuzz/qasan/cramfs-root/lib/arm-linux-gnueabi/libc-2.13.so+0xcdfe0)
[leak]Memory Range: [0x4d2658 - 0x4d2685]
Call Stack (depth 1):
  #0  0x3f931fe0 -  in syscall (/home/wuhuang/fuzz/qasan/cramfs-root/lib/arm-linux-gnueabi/libc-2.13.so+0xcdfe0)
[leak]Memory Range: [0x4d27a0 - 0x4d27a7]
Call Stack (depth 1):
  #0  0x3f931fe0 -  in syscall (/home/wuhuang/fuzz/qasan/cramfs-root/lib/arm-linux-gnueabi/libc-2.13.so+0xcdfe0)
[leak]Memory Range: [0x4d28c0 - 0x4d28cc]
Call Stack (depth 1):
  #0  0x3f931fe0 -  in syscall (/home/wuhuang/fuzz/qasan/cramfs-root/lib/arm-linux-gnueabi/libc-2.13.so+0xcdfe0)
[leak]Memory Range: [0x4d29e8 - 0x4d2a21]
Call Stack (depth 1):
  #0  0x3f931fe0 -  in syscall (/home/wuhuang/fuzz/qasan/cramfs-root/lib/arm-linux-gnueabi/libc-2.13.so+0xcdfe0)
[leak]Memory Range: [0x4d2b40 - 0x4d2b50]
Call Stack (depth 1):
  #0  0x3f931fe0 -  in syscall (/home/wuhuang/fuzz/qasan/cramfs-root/lib/arm-linux-gnueabi/libc-2.13.so+0xcdfe0)
[leak]Memory Range: [0x4d2c68 - 0x4d2c74]
Call Stack (depth 1):
  #0  0x3f931fe0 -  in syscall (/home/wuhuang/fuzz/qasan/cramfs-root/lib/arm-linux-gnueabi/libc-2.13.so+0xcdfe0)
[leak]Memory Range: [0x4d2d90 - 0x4d2dd1]
Call Stack (depth 1):
  #0  0x3f931fe0 -  in syscall (/home/wuhuang/fuzz/qasan/cramfs-root/lib/arm-linux-gnueabi/libc-2.13.so+0xcdfe0)
[leak]Memory Range: [0x4d2ef0 - 0x4d2f08]
Call Stack (depth 1):
  #0  0x3f931fe0 -  in syscall (/home/wuhuang/fuzz/qasan/cramfs-root/lib/arm-linux-gnueabi/libc-2.13.so+0xcdfe0)
[leak]Memory Range: [0x4d3020 - 0x4d302c]
Call Stack (depth 1):
  #0  0x3f931fe0 -  in syscall (/home/wuhuang/fuzz/qasan/cramfs-root/lib/arm-linux-gnueabi/libc-2.13.so+0xcdfe0)
[leak]Memory Range: [0x4d3148 - 0x4d3175]
Call Stack (depth 1):
  #0  0x3f931fe0 -  in syscall (/home/wuhuang/fuzz/qasan/cramfs-root/lib/arm-linux-gnueabi/libc-2.13.so+0xcdfe0)
[leak]Memory Range: [0x4d3290 - 0x4d329d]
Call Stack (depth 1):
  #0  0x3f931fe0 -  in syscall (/home/wuhuang/fuzz/qasan/cramfs-root/lib/arm-linux-gnueabi/libc-2.13.so+0xcdfe0)
[leak]Memory Range: [0x4d33b8 - 0x4d33c4]
Call Stack (depth 1):
  #0  0x3f931fe0 -  in syscall (/home/wuhuang/fuzz/qasan/cramfs-root/lib/arm-linux-gnueabi/libc-2.13.so+0xcdfe0)
[leak]Memory Range: [0x4d34e0 - 0x4d350e]
Call Stack (depth 1):
  #0  0x3f931fe0 -  in syscall (/home/wuhuang/fuzz/qasan/cramfs-root/lib/arm-linux-gnueabi/libc-2.13.so+0xcdfe0)
[leak]Memory Range: [0x4d3628 - 0x4d3632]
Call Stack (depth 1):
  #0  0x3f931fe0 -  in syscall (/home/wuhuang/fuzz/qasan/cramfs-root/lib/arm-linux-gnueabi/libc-2.13.so+0xcdfe0)
[leak]Memory Range: [0x4d3750 - 0x4d375c]
Call Stack (depth 1):
  #0  0x3f931fe0 -  in syscall (/home/wuhuang/fuzz/qasan/cramfs-root/lib/arm-linux-gnueabi/libc-2.13.so+0xcdfe0)
[leak]Memory Range: [0x4d3878 - 0x4d38b3]
Call Stack (depth 1):
  #0  0x3f931fe0 -  in syscall (/home/wuhuang/fuzz/qasan/cramfs-root/lib/arm-linux-gnueabi/libc-2.13.so+0xcdfe0)
[leak]Memory Range: [0x4d39d0 - 0x4d39e2]
Call Stack (depth 1):
  #0  0x3f931fe0 -  in syscall (/home/wuhuang/fuzz/qasan/cramfs-root/lib/arm-linux-gnueabi/libc-2.13.so+0xcdfe0)
[leak]Memory Range: [0x4d3b00 - 0x4d3b0c]
Call Stack (depth 1):
  #0  0x3f931fe0 -  in syscall (/home/wuhuang/fuzz/qasan/cramfs-root/lib/arm-linux-gnueabi/libc-2.13.so+0xcdfe0)
[leak]Memory Range: [0x4d3c28 - 0x4d3c5a]
Call Stack (depth 1):
  #0  0x3f931fe0 -  in syscall (/home/wuhuang/fuzz/qasan/cramfs-root/lib/arm-linux-gnueabi/libc-2.13.so+0xcdfe0)
[leak]Memory Range: [0x4d3d78 - 0x4d3d81]
Call Stack (depth 1):
  #0  0x3f931fe0 -  in syscall (/home/wuhuang/fuzz/qasan/cramfs-root/lib/arm-linux-gnueabi/libc-2.13.so+0xcdfe0)
[leak]Memory Range: [0x4d3ea0 - 0x4d3eac]
Call Stack (depth 1):
  #0  0x3f931fe0 -  in syscall (/home/wuhuang/fuzz/qasan/cramfs-root/lib/arm-linux-gnueabi/libc-2.13.so+0xcdfe0)
[leak]Memory Range: [0x4d3fc8 - 0x4d4004]
Call Stack (depth 1):
  #0  0x3f931fe0 -  in syscall (/home/wuhuang/fuzz/qasan/cramfs-root/lib/arm-linux-gnueabi/libc-2.13.so+0xcdfe0)
[leak]Memory Range: [0x4d4120 - 0x4d4133]
Call Stack (depth 1):
  #0  0x3f931fe0 -  in syscall (/home/wuhuang/fuzz/qasan/cramfs-root/lib/arm-linux-gnueabi/libc-2.13.so+0xcdfe0)
[leak]Memory Range: [0x4d4250 - 0x4d425c]
Call Stack (depth 1):
  #0  0x3f931fe0 -  in syscall (/home/wuhuang/fuzz/qasan/cramfs-root/lib/arm-linux-gnueabi/libc-2.13.so+0xcdfe0)
[leak]Memory Range: [0x4d4378 - 0x4d43b3]
Call Stack (depth 1):
  #0  0x3f931fe0 -  in syscall (/home/wuhuang/fuzz/qasan/cramfs-root/lib/arm-linux-gnueabi/libc-2.13.so+0xcdfe0)
[leak]Memory Range: [0x4d44d0 - 0x4d44db]
Call Stack (depth 1):
  #0  0x3f931fe0 -  in syscall (/home/wuhuang/fuzz/qasan/cramfs-root/lib/arm-linux-gnueabi/libc-2.13.so+0xcdfe0)
[leak]Memory Range: [0x4d45f8 - 0x4d4604]
Call Stack (depth 1):
  #0  0x3f931fe0 -  in syscall (/home/wuhuang/fuzz/qasan/cramfs-root/lib/arm-linux-gnueabi/libc-2.13.so+0xcdfe0)
[leak]Memory Range: [0x4d4720 - 0x4d4755]
Call Stack (depth 1):
  #0  0x3f931fe0 -  in syscall (/home/wuhuang/fuzz/qasan/cramfs-root/lib/arm-linux-gnueabi/libc-2.13.so+0xcdfe0)
[leak]Memory Range: [0x4d4870 - 0x4d4872]
Call Stack (depth 1):
  #0  0x3f931fe0 -  in syscall (/home/wuhuang/fuzz/qasan/cramfs-root/lib/arm-linux-gnueabi/libc-2.13.so+0xcdfe0)
[leak]Memory Range: [0x4d4990 - 0x4d499c]
Call Stack (depth 1):
  #0  0x3f931fe0 -  in syscall (/home/wuhuang/fuzz/qasan/cramfs-root/lib/arm-linux-gnueabi/libc-2.13.so+0xcdfe0)
[leak]Memory Range: [0x4d4ab8 - 0x4d4aeb]
Call Stack (depth 1):
  #0  0x3f931fe0 -  in syscall (/home/wuhuang/fuzz/qasan/cramfs-root/lib/arm-linux-gnueabi/libc-2.13.so+0xcdfe0)
[leak]Memory Range: [0x4d4c08 - 0x4d4c0a]
Call Stack (depth 1):
  #0  0x3f931fe0 -  in syscall (/home/wuhuang/fuzz/qasan/cramfs-root/lib/arm-linux-gnueabi/libc-2.13.so+0xcdfe0)
[leak]Memory Range: [0x4d4d28 - 0x4d4d34]
Call Stack (depth 1):
  #0  0x3f931fe0 -  in syscall (/home/wuhuang/fuzz/qasan/cramfs-root/lib/arm-linux-gnueabi/libc-2.13.so+0xcdfe0)
[leak]Memory Range: [0x4d4e50 - 0x4d4e87]
Call Stack (depth 1):
  #0  0x3f931fe0 -  in syscall (/home/wuhuang/fuzz/qasan/cramfs-root/lib/arm-linux-gnueabi/libc-2.13.so+0xcdfe0)
[leak]Memory Range: [0x4d4fa0 - 0x4d4fad]
Call Stack (depth 1):
  #0  0x3f931fe0 -  in syscall (/home/wuhuang/fuzz/qasan/cramfs-root/lib/arm-linux-gnueabi/libc-2.13.so+0xcdfe0)
[leak]Memory Range: [0x4d50c8 - 0x4d50d4]
Call Stack (depth 1):
  #0  0x3f931fe0 -  in syscall (/home/wuhuang/fuzz/qasan/cramfs-root/lib/arm-linux-gnueabi/libc-2.13.so+0xcdfe0)
[leak]Memory Range: [0x4d51f0 - 0x4d5228]
Call Stack (depth 1):
  #0  0x3f931fe0 -  in syscall (/home/wuhuang/fuzz/qasan/cramfs-root/lib/arm-linux-gnueabi/libc-2.13.so+0xcdfe0)
[leak]Memory Range: [0x4d5340 - 0x4d5357]
Call Stack (depth 1):
  #0  0x3f931fe0 -  in syscall (/home/wuhuang/fuzz/qasan/cramfs-root/lib/arm-linux-gnueabi/libc-2.13.so+0xcdfe0)
[leak]Memory Range: [0x4d5470 - 0x4d547c]
Call Stack (depth 1):
  #0  0x3f931fe0 -  in syscall (/home/wuhuang/fuzz/qasan/cramfs-root/lib/arm-linux-gnueabi/libc-2.13.so+0xcdfe0)
[leak]Memory Range: [0x4d5598 - 0x4d55d0]
Call Stack (depth 1):
  #0  0x3f931fe0 -  in syscall (/home/wuhuang/fuzz/qasan/cramfs-root/lib/arm-linux-gnueabi/libc-2.13.so+0xcdfe0)
[leak]Memory Range: [0x4d56e8 - 0x4d56f5]
Call Stack (depth 1):
  #0  0x3f931fe0 -  in syscall (/home/wuhuang/fuzz/qasan/cramfs-root/lib/arm-linux-gnueabi/libc-2.13.so+0xcdfe0)
[leak]Memory Range: [0x4d5810 - 0x4d581c]
Call Stack (depth 1):
  #0  0x3f931fe0 -  in syscall (/home/wuhuang/fuzz/qasan/cramfs-root/lib/arm-linux-gnueabi/libc-2.13.so+0xcdfe0)
[leak]Memory Range: [0x4d5938 - 0x4d5976]
Call Stack (depth 1):
  #0  0x3f931fe0 -  in syscall (/home/wuhuang/fuzz/qasan/cramfs-root/lib/arm-linux-gnueabi/libc-2.13.so+0xcdfe0)
[leak]Memory Range: [0x4d5a90 - 0x4d5aa2]
Call Stack (depth 1):
  #0  0x3f931fe0 -  in syscall (/home/wuhuang/fuzz/qasan/cramfs-root/lib/arm-linux-gnueabi/libc-2.13.so+0xcdfe0)
[leak]Memory Range: [0x4d5bc0 - 0x4d5bcc]
Call Stack (depth 1):
  #0  0x3f931fe0 -  in syscall (/home/wuhuang/fuzz/qasan/cramfs-root/lib/arm-linux-gnueabi/libc-2.13.so+0xcdfe0)
[leak]Memory Range: [0x4d5ce8 - 0x4d5d2c]
Call Stack (depth 1):
  #0  0x3f931fe0 -  in syscall (/home/wuhuang/fuzz/qasan/cramfs-root/lib/arm-linux-gnueabi/libc-2.13.so+0xcdfe0)
[leak]Memory Range: [0x4d5e48 - 0x4d5e51]
Call Stack (depth 1):
  #0  0x3f931fe0 -  in syscall (/home/wuhuang/fuzz/qasan/cramfs-root/lib/arm-linux-gnueabi/libc-2.13.so+0xcdfe0)
[leak]Memory Range: [0x4d5f70 - 0x4d5f7c]
Call Stack (depth 1):
  #0  0x3f931fe0 -  in syscall (/home/wuhuang/fuzz/qasan/cramfs-root/lib/arm-linux-gnueabi/libc-2.13.so+0xcdfe0)
[leak]Memory Range: [0x4d6098 - 0x4d60cf]
Call Stack (depth 1):
  #0  0x3f931fe0 -  in syscall (/home/wuhuang/fuzz/qasan/cramfs-root/lib/arm-linux-gnueabi/libc-2.13.so+0xcdfe0)
[leak]Memory Range: [0x4d6310 - 0x4d631c]
Call Stack (depth 1):
  #0  0x3f931fe0 -  in syscall (/home/wuhuang/fuzz/qasan/cramfs-root/lib/arm-linux-gnueabi/libc-2.13.so+0xcdfe0)
[leak]Memory Range: [0x4d6438 - 0x4d6467]
Call Stack (depth 1):
  #0  0x3f931fe0 -  in syscall (/home/wuhuang/fuzz/qasan/cramfs-root/lib/arm-linux-gnueabi/libc-2.13.so+0xcdfe0)
[leak]Memory Range: [0x4d6580 - 0x4d658e]
Call Stack (depth 1):
  #0  0x3f931fe0 -  in syscall (/home/wuhuang/fuzz/qasan/cramfs-root/lib/arm-linux-gnueabi/libc-2.13.so+0xcdfe0)
[leak]Memory Range: [0x4d66a8 - 0x4d66b4]
Call Stack (depth 1):
  #0  0x3f931fe0 -  in syscall (/home/wuhuang/fuzz/qasan/cramfs-root/lib/arm-linux-gnueabi/libc-2.13.so+0xcdfe0)
[leak]Memory Range: [0x4d67d0 - 0x4d6807]
Call Stack (depth 1):
  #0  0x3f931fe0 -  in syscall (/home/wuhuang/fuzz/qasan/cramfs-root/lib/arm-linux-gnueabi/libc-2.13.so+0xcdfe0)
[leak]Memory Range: [0x4d6920 - 0x4d6922]
Call Stack (depth 1):
  #0  0x3f931fe0 -  in syscall (/home/wuhuang/fuzz/qasan/cramfs-root/lib/arm-linux-gnueabi/libc-2.13.so+0xcdfe0)
[leak]Memory Range: [0x4d6a40 - 0x4d6a4c]
Call Stack (depth 1):
  #0  0x3f931fe0 -  in syscall (/home/wuhuang/fuzz/qasan/cramfs-root/lib/arm-linux-gnueabi/libc-2.13.so+0xcdfe0)
[leak]Memory Range: [0x4d6b68 - 0x4d6b9c]
Call Stack (depth 1):
  #0  0x3f931fe0 -  in syscall (/home/wuhuang/fuzz/qasan/cramfs-root/lib/arm-linux-gnueabi/libc-2.13.so+0xcdfe0)
[leak]Memory Range: [0x4d6cb8 - 0x4d6ccb]
Call Stack (depth 1):
  #0  0x3f931fe0 -  in syscall (/home/wuhuang/fuzz/qasan/cramfs-root/lib/arm-linux-gnueabi/libc-2.13.so+0xcdfe0)
[leak]Memory Range: [0x4d6de8 - 0x4d6df4]
Call Stack (depth 1):
  #0  0x3f931fe0 -  in syscall (/home/wuhuang/fuzz/qasan/cramfs-root/lib/arm-linux-gnueabi/libc-2.13.so+0xcdfe0)
[leak]Memory Range: [0x4d6f10 - 0x4d6f3e]
Call Stack (depth 1):
  #0  0x3f931fe0 -  in syscall (/home/wuhuang/fuzz/qasan/cramfs-root/lib/arm-linux-gnueabi/libc-2.13.so+0xcdfe0)
[leak]Memory Range: [0x4d7058 - 0x4d705d]
Call Stack (depth 1):
  #0  0x3f931fe0 -  in syscall (/home/wuhuang/fuzz/qasan/cramfs-root/lib/arm-linux-gnueabi/libc-2.13.so+0xcdfe0)
[leak]Memory Range: [0x4d7178 - 0x4d7184]
Call Stack (depth 1):
  #0  0x3f931fe0 -  in syscall (/home/wuhuang/fuzz/qasan/cramfs-root/lib/arm-linux-gnueabi/libc-2.13.so+0xcdfe0)
[leak]Memory Range: [0x4d72a0 - 0x4d72d9]
Call Stack (depth 1):
  #0  0x3f931fe0 -  in syscall (/home/wuhuang/fuzz/qasan/cramfs-root/lib/arm-linux-gnueabi/libc-2.13.so+0xcdfe0)
[leak]Memory Range: [0x4d73f8 - 0x4d7408]
Call Stack (depth 1):
  #0  0x3f931fe0 -  in syscall (/home/wuhuang/fuzz/qasan/cramfs-root/lib/arm-linux-gnueabi/libc-2.13.so+0xcdfe0)
[leak]Memory Range: [0x4d7520 - 0x4d752c]
Call Stack (depth 1):
  #0  0x3f931fe0 -  in syscall (/home/wuhuang/fuzz/qasan/cramfs-root/lib/arm-linux-gnueabi/libc-2.13.so+0xcdfe0)
[leak]Memory Range: [0x4d7648 - 0x4d7675]
Call Stack (depth 1):
  #0  0x3f931fe0 -  in syscall (/home/wuhuang/fuzz/qasan/cramfs-root/lib/arm-linux-gnueabi/libc-2.13.so+0xcdfe0)
[leak]Memory Range: [0x4d7790 - 0x4d7792]
Call Stack (depth 1):
  #0  0x3f931fe0 -  in syscall (/home/wuhuang/fuzz/qasan/cramfs-root/lib/arm-linux-gnueabi/libc-2.13.so+0xcdfe0)
[leak]Memory Range: [0x4d78b0 - 0x4d78bc]
Call Stack (depth 1):
  #0  0x3f931fe0 -  in syscall (/home/wuhuang/fuzz/qasan/cramfs-root/lib/arm-linux-gnueabi/libc-2.13.so+0xcdfe0)
[leak]Memory Range: [0x4d79d8 - 0x4d7a06]
Call Stack (depth 1):
  #0  0x3f931fe0 -  in syscall (/home/wuhuang/fuzz/qasan/cramfs-root/lib/arm-linux-gnueabi/libc-2.13.so+0xcdfe0)
[leak]Memory Range: [0x4d7b20 - 0x4d7b25]
Call Stack (depth 1):
  #0  0x3f931fe0 -  in syscall (/home/wuhuang/fuzz/qasan/cramfs-root/lib/arm-linux-gnueabi/libc-2.13.so+0xcdfe0)
[leak]Memory Range: [0x4d7c40 - 0x4d7c4c]
Call Stack (depth 1):
  #0  0x3f931fe0 -  in syscall (/home/wuhuang/fuzz/qasan/cramfs-root/lib/arm-linux-gnueabi/libc-2.13.so+0xcdfe0)
[leak]Memory Range: [0x4d7d68 - 0x4d7da7]
Call Stack (depth 1):
  #0  0x3f931fe0 -  in syscall (/home/wuhuang/fuzz/qasan/cramfs-root/lib/arm-linux-gnueabi/libc-2.13.so+0xcdfe0)
[leak]Memory Range: [0x4d7ec0 - 0x4d7ec2]
Call Stack (depth 1):
  #0  0x3f931fe0 -  in syscall (/home/wuhuang/fuzz/qasan/cramfs-root/lib/arm-linux-gnueabi/libc-2.13.so+0xcdfe0)
[leak]Memory Range: [0x4d7fe0 - 0x4d7fec]
Call Stack (depth 1):
  #0  0x3f931fe0 -  in syscall (/home/wuhuang/fuzz/qasan/cramfs-root/lib/arm-linux-gnueabi/libc-2.13.so+0xcdfe0)
[leak]Memory Range: [0x4d8108 - 0x4d8142]
Call Stack (depth 1):
  #0  0x3f931fe0 -  in syscall (/home/wuhuang/fuzz/qasan/cramfs-root/lib/arm-linux-gnueabi/libc-2.13.so+0xcdfe0)
[leak]Memory Range: [0x4d8260 - 0x4d8262]
Call Stack (depth 1):
  #0  0x3f931fe0 -  in syscall (/home/wuhuang/fuzz/qasan/cramfs-root/lib/arm-linux-gnueabi/libc-2.13.so+0xcdfe0)
[leak]Memory Range: [0x4d8380 - 0x4d838c]
Call Stack (depth 1):
  #0  0x3f931fe0 -  in syscall (/home/wuhuang/fuzz/qasan/cramfs-root/lib/arm-linux-gnueabi/libc-2.13.so+0xcdfe0)
[leak]Memory Range: [0x4d84a8 - 0x4d84ce]
Call Stack (depth 1):
  #0  0x3f931fe0 -  in syscall (/home/wuhuang/fuzz/qasan/cramfs-root/lib/arm-linux-gnueabi/libc-2.13.so+0xcdfe0)
[leak]Memory Range: [0x4d85e8 - 0x4d85ea]
Call Stack (depth 1):
  #0  0x3f931fe0 -  in syscall (/home/wuhuang/fuzz/qasan/cramfs-root/lib/arm-linux-gnueabi/libc-2.13.so+0xcdfe0)
[leak]Memory Range: [0x4d8708 - 0x4d8714]
Call Stack (depth 1):
  #0  0x3f931fe0 -  in syscall (/home/wuhuang/fuzz/qasan/cramfs-root/lib/arm-linux-gnueabi/libc-2.13.so+0xcdfe0)
[leak]Memory Range: [0x4d8830 - 0x4d8860]
Call Stack (depth 1):
  #0  0x3f931fe0 -  in syscall (/home/wuhuang/fuzz/qasan/cramfs-root/lib/arm-linux-gnueabi/libc-2.13.so+0xcdfe0)
[leak]Memory Range: [0x4d8978 - 0x4d897a]
Call Stack (depth 1):
  #0  0x3f931fe0 -  in syscall (/home/wuhuang/fuzz/qasan/cramfs-root/lib/arm-linux-gnueabi/libc-2.13.so+0xcdfe0)
[leak]Memory Range: [0x4d8a98 - 0x4d8aa4]
Call Stack (depth 1):
  #0  0x3f931fe0 -  in syscall (/home/wuhuang/fuzz/qasan/cramfs-root/lib/arm-linux-gnueabi/libc-2.13.so+0xcdfe0)
[leak]Memory Range: [0x4d8bc0 - 0x4d8bfb]
Call Stack (depth 1):
  #0  0x3f931fe0 -  in syscall (/home/wuhuang/fuzz/qasan/cramfs-root/lib/arm-linux-gnueabi/libc-2.13.so+0xcdfe0)
[leak]Memory Range: [0x4d8d18 - 0x4d8d1a]
Call Stack (depth 1):
  #0  0x3f931fe0 -  in syscall (/home/wuhuang/fuzz/qasan/cramfs-root/lib/arm-linux-gnueabi/libc-2.13.so+0xcdfe0)
[leak]Memory Range: [0x4d8e38 - 0x4d8e44]
Call Stack (depth 1):
  #0  0x3f931fe0 -  in syscall (/home/wuhuang/fuzz/qasan/cramfs-root/lib/arm-linux-gnueabi/libc-2.13.so+0xcdfe0)
[leak]Memory Range: [0x4d8f60 - 0x4d8f6f]
Call Stack (depth 1):
  #0  0x3f931fe0 -  in syscall (/home/wuhuang/fuzz/qasan/cramfs-root/lib/arm-linux-gnueabi/libc-2.13.so+0xcdfe0)
[leak]Memory Range: [0x4d91b8 - 0x4d91c4]
Call Stack (depth 1):
  #0  0x3f931fe0 -  in syscall (/home/wuhuang/fuzz/qasan/cramfs-root/lib/arm-linux-gnueabi/libc-2.13.so+0xcdfe0)
[leak]Memory Range: [0x4d92e0 - 0x4d930f]
Call Stack (depth 1):
  #0  0x3f931fe0 -  in syscall (/home/wuhuang/fuzz/qasan/cramfs-root/lib/arm-linux-gnueabi/libc-2.13.so+0xcdfe0)
[leak]Memory Range: [0x4d9428 - 0x4d9436]
Call Stack (depth 1):
  #0  0x3f931fe0 -  in syscall (/home/wuhuang/fuzz/qasan/cramfs-root/lib/arm-linux-gnueabi/libc-2.13.so+0xcdfe0)
[leak]Memory Range: [0x4d9550 - 0x4d955c]
Call Stack (depth 1):
  #0  0x3f931fe0 -  in syscall (/home/wuhuang/fuzz/qasan/cramfs-root/lib/arm-linux-gnueabi/libc-2.13.so+0xcdfe0)
[leak]Memory Range: [0x4d9678 - 0x4d96ad]
Call Stack (depth 1):
  #0  0x3f931fe0 -  in syscall (/home/wuhuang/fuzz/qasan/cramfs-root/lib/arm-linux-gnueabi/libc-2.13.so+0xcdfe0)
[leak]Memory Range: [0x4d97c8 - 0x4d97ca]
Call Stack (depth 1):
  #0  0x3f931fe0 -  in syscall (/home/wuhuang/fuzz/qasan/cramfs-root/lib/arm-linux-gnueabi/libc-2.13.so+0xcdfe0)
[leak]Memory Range: [0x4d98e8 - 0x4d98f4]
Call Stack (depth 1):
  #0  0x3f931fe0 -  in syscall (/home/wuhuang/fuzz/qasan/cramfs-root/lib/arm-linux-gnueabi/libc-2.13.so+0xcdfe0)
[leak]Memory Range: [0x4d9a10 - 0x4d9a3e]
Call Stack (depth 1):
  #0  0x3f931fe0 -  in syscall (/home/wuhuang/fuzz/qasan/cramfs-root/lib/arm-linux-gnueabi/libc-2.13.so+0xcdfe0)
[leak]Memory Range: [0x4d9b58 - 0x4d9b5d]
Call Stack (depth 1):
  #0  0x3f931fe0 -  in syscall (/home/wuhuang/fuzz/qasan/cramfs-root/lib/arm-linux-gnueabi/libc-2.13.so+0xcdfe0)
[leak]Memory Range: [0x4d9c78 - 0x4d9c84]
Call Stack (depth 1):
  #0  0x3f931fe0 -  in syscall (/home/wuhuang/fuzz/qasan/cramfs-root/lib/arm-linux-gnueabi/libc-2.13.so+0xcdfe0)
[leak]Memory Range: [0x4d9da0 - 0x4d9dda]
Call Stack (depth 1):
  #0  0x3f931fe0 -  in syscall (/home/wuhuang/fuzz/qasan/cramfs-root/lib/arm-linux-gnueabi/libc-2.13.so+0xcdfe0)
[leak]Memory Range: [0x4d9ef8 - 0x4d9efa]
Call Stack (depth 1):
  #0  0x3f931fe0 -  in syscall (/home/wuhuang/fuzz/qasan/cramfs-root/lib/arm-linux-gnueabi/libc-2.13.so+0xcdfe0)
[leak]Memory Range: [0x4da018 - 0x4da024]
Call Stack (depth 1):
  #0  0x3f931fe0 -  in syscall (/home/wuhuang/fuzz/qasan/cramfs-root/lib/arm-linux-gnueabi/libc-2.13.so+0xcdfe0)
[leak]Memory Range: [0x4da140 - 0x4da17c]
Call Stack (depth 1):
  #0  0x3f931fe0 -  in syscall (/home/wuhuang/fuzz/qasan/cramfs-root/lib/arm-linux-gnueabi/libc-2.13.so+0xcdfe0)
[leak]Memory Range: [0x4da298 - 0x4da29a]
Call Stack (depth 1):
  #0  0x3f931fe0 -  in syscall (/home/wuhuang/fuzz/qasan/cramfs-root/lib/arm-linux-gnueabi/libc-2.13.so+0xcdfe0)
[leak]Memory Range: [0x4da3b8 - 0x4da3c4]
Call Stack (depth 1):
  #0  0x3f931fe0 -  in syscall (/home/wuhuang/fuzz/qasan/cramfs-root/lib/arm-linux-gnueabi/libc-2.13.so+0xcdfe0)
[leak]Memory Range: [0x4da4e0 - 0x4da515]
Call Stack (depth 1):
  #0  0x3f931fe0 -  in syscall (/home/wuhuang/fuzz/qasan/cramfs-root/lib/arm-linux-gnueabi/libc-2.13.so+0xcdfe0)
[leak]Memory Range: [0x4da630 - 0x4da632]
Call Stack (depth 1):
  #0  0x3f931fe0 -  in syscall (/home/wuhuang/fuzz/qasan/cramfs-root/lib/arm-linux-gnueabi/libc-2.13.so+0xcdfe0)
[leak]Memory Range: [0x4da750 - 0x4da75c]
Call Stack (depth 1):
  #0  0x3f931fe0 -  in syscall (/home/wuhuang/fuzz/qasan/cramfs-root/lib/arm-linux-gnueabi/libc-2.13.so+0xcdfe0)
[leak]Memory Range: [0x4da878 - 0x4da8a6]
Call Stack (depth 1):
  #0  0x3f931fe0 -  in syscall (/home/wuhuang/fuzz/qasan/cramfs-root/lib/arm-linux-gnueabi/libc-2.13.so+0xcdfe0)
[leak]Memory Range: [0x4da9c0 - 0x4da9cd]
Call Stack (depth 1):
  #0  0x3f931fe0 -  in syscall (/home/wuhuang/fuzz/qasan/cramfs-root/lib/arm-linux-gnueabi/libc-2.13.so+0xcdfe0)
[leak]Memory Range: [0x4daae8 - 0x4daaf4]
Call Stack (depth 1):
  #0  0x3f931fe0 -  in syscall (/home/wuhuang/fuzz/qasan/cramfs-root/lib/arm-linux-gnueabi/libc-2.13.so+0xcdfe0)
[leak]Memory Range: [0x4dac10 - 0x4dac48]
Call Stack (depth 1):
  #0  0x3f931fe0 -  in syscall (/home/wuhuang/fuzz/qasan/cramfs-root/lib/arm-linux-gnueabi/libc-2.13.so+0xcdfe0)
[leak]Memory Range: [0x4dad60 - 0x4dad62]
Call Stack (depth 1):
  #0  0x3f931fe0 -  in syscall (/home/wuhuang/fuzz/qasan/cramfs-root/lib/arm-linux-gnueabi/libc-2.13.so+0xcdfe0)
[leak]Memory Range: [0x4dae80 - 0x4dae8c]
Call Stack (depth 1):
  #0  0x3f931fe0 -  in syscall (/home/wuhuang/fuzz/qasan/cramfs-root/lib/arm-linux-gnueabi/libc-2.13.so+0xcdfe0)
[leak]Memory Range: [0x4dafa8 - 0x4dafe8]
Call Stack (depth 1):
  #0  0x3f931fe0 -  in syscall (/home/wuhuang/fuzz/qasan/cramfs-root/lib/arm-linux-gnueabi/libc-2.13.so+0xcdfe0)
[leak]Memory Range: [0x4db100 - 0x4db102]
Call Stack (depth 1):
  #0  0x3f931fe0 -  in syscall (/home/wuhuang/fuzz/qasan/cramfs-root/lib/arm-linux-gnueabi/libc-2.13.so+0xcdfe0)
[leak]Memory Range: [0x4db220 - 0x4db22c]
Call Stack (depth 1):
  #0  0x3f931fe0 -  in syscall (/home/wuhuang/fuzz/qasan/cramfs-root/lib/arm-linux-gnueabi/libc-2.13.so+0xcdfe0)
[leak]Memory Range: [0x4db348 - 0x4db37a]
Call Stack (depth 1):
  #0  0x3f931fe0 -  in syscall (/home/wuhuang/fuzz/qasan/cramfs-root/lib/arm-linux-gnueabi/libc-2.13.so+0xcdfe0)
[leak]Memory Range: [0x4db498 - 0x4db49a]
Call Stack (depth 1):
  #0  0x3f931fe0 -  in syscall (/home/wuhuang/fuzz/qasan/cramfs-root/lib/arm-linux-gnueabi/libc-2.13.so+0xcdfe0)
[leak]Memory Range: [0x4db5b8 - 0x4db5c4]
Call Stack (depth 1):
  #0  0x3f931fe0 -  in syscall (/home/wuhuang/fuzz/qasan/cramfs-root/lib/arm-linux-gnueabi/libc-2.13.so+0xcdfe0)
[leak]Memory Range: [0x4db6e0 - 0x4db71d]
Call Stack (depth 1):
  #0  0x3f931fe0 -  in syscall (/home/wuhuang/fuzz/qasan/cramfs-root/lib/arm-linux-gnueabi/libc-2.13.so+0xcdfe0)
[leak]Memory Range: [0x4db838 - 0x4db83a]
Call Stack (depth 1):
  #0  0x3f931fe0 -  in syscall (/home/wuhuang/fuzz/qasan/cramfs-root/lib/arm-linux-gnueabi/libc-2.13.so+0xcdfe0)
[leak]Memory Range: [0x4db958 - 0x4db964]
Call Stack (depth 1):
  #0  0x3f931fe0 -  in syscall (/home/wuhuang/fuzz/qasan/cramfs-root/lib/arm-linux-gnueabi/libc-2.13.so+0xcdfe0)
[leak]Memory Range: [0x4dba80 - 0x4dbab4]
Call Stack (depth 1):
  #0  0x3f931fe0 -  in syscall (/home/wuhuang/fuzz/qasan/cramfs-root/lib/arm-linux-gnueabi/libc-2.13.so+0xcdfe0)
[leak]Memory Range: [0x4dbbd0 - 0x4dbbd2]
Call Stack (depth 1):
  #0  0x3f931fe0 -  in syscall (/home/wuhuang/fuzz/qasan/cramfs-root/lib/arm-linux-gnueabi/libc-2.13.so+0xcdfe0)
[leak]Memory Range: [0x4dbcf0 - 0x4dbcfc]
Call Stack (depth 1):
  #0  0x3f931fe0 -  in syscall (/home/wuhuang/fuzz/qasan/cramfs-root/lib/arm-linux-gnueabi/libc-2.13.so+0xcdfe0)
[leak]Memory Range: [0x4dbe18 - 0x4dbe49]
Call Stack (depth 1):
  #0  0x3f931fe0 -  in syscall (/home/wuhuang/fuzz/qasan/cramfs-root/lib/arm-linux-gnueabi/libc-2.13.so+0xcdfe0)
[leak]Memory Range: [0x4dbf68 - 0x4dbf6a]
Call Stack (depth 1):
  #0  0x3f931fe0 -  in syscall (/home/wuhuang/fuzz/qasan/cramfs-root/lib/arm-linux-gnueabi/libc-2.13.so+0xcdfe0)
[leak]Memory Range: [0x4dc088 - 0x4dc094]
Call Stack (depth 1):
  #0  0x3f931fe0 -  in syscall (/home/wuhuang/fuzz/qasan/cramfs-root/lib/arm-linux-gnueabi/libc-2.13.so+0xcdfe0)
[leak]Memory Range: [0x4dc1b0 - 0x4dc1ee]
Call Stack (depth 1):
  #0  0x3f931fe0 -  in syscall (/home/wuhuang/fuzz/qasan/cramfs-root/lib/arm-linux-gnueabi/libc-2.13.so+0xcdfe0)
[leak]Memory Range: [0x4dc308 - 0x4dc31f]
Call Stack (depth 1):
  #0  0x3f931fe0 -  in syscall (/home/wuhuang/fuzz/qasan/cramfs-root/lib/arm-linux-gnueabi/libc-2.13.so+0xcdfe0)
[leak]Memory Range: [0x4dc438 - 0x4dc444]
Call Stack (depth 1):
  #0  0x3f931fe0 -  in syscall (/home/wuhuang/fuzz/qasan/cramfs-root/lib/arm-linux-gnueabi/libc-2.13.so+0xcdfe0)
[leak]Memory Range: [0x4dc560 - 0x4dc593]
Call Stack (depth 1):
  #0  0x3f931fe0 -  in syscall (/home/wuhuang/fuzz/qasan/cramfs-root/lib/arm-linux-gnueabi/libc-2.13.so+0xcdfe0)
[leak]Memory Range: [0x4dc6b0 - 0x4dc6b2]
Call Stack (depth 1):
  #0  0x3f931fe0 -  in syscall (/home/wuhuang/fuzz/qasan/cramfs-root/lib/arm-linux-gnueabi/libc-2.13.so+0xcdfe0)
[leak]Memory Range: [0x4dc7d0 - 0x4dc7dc]
Call Stack (depth 1):
  #0  0x3f931fe0 -  in syscall (/home/wuhuang/fuzz/qasan/cramfs-root/lib/arm-linux-gnueabi/libc-2.13.so+0xcdfe0)
[leak]Memory Range: [0x4dc8f8 - 0x4dc933]
Call Stack (depth 1):
  #0  0x3f931fe0 -  in syscall (/home/wuhuang/fuzz/qasan/cramfs-root/lib/arm-linux-gnueabi/libc-2.13.so+0xcdfe0)
[leak]Memory Range: [0x4dca50 - 0x4dca52]
Call Stack (depth 1):
  #0  0x3f931fe0 -  in syscall (/home/wuhuang/fuzz/qasan/cramfs-root/lib/arm-linux-gnueabi/libc-2.13.so+0xcdfe0)
[leak]Memory Range: [0x4dcb70 - 0x4dcb7c]
Call Stack (depth 1):
  #0  0x3f931fe0 -  in syscall (/home/wuhuang/fuzz/qasan/cramfs-root/lib/arm-linux-gnueabi/libc-2.13.so+0xcdfe0)
[leak]Memory Range: [0x4dcc98 - 0x4dccd5]
Call Stack (depth 1):
  #0  0x3f931fe0 -  in syscall (/home/wuhuang/fuzz/qasan/cramfs-root/lib/arm-linux-gnueabi/libc-2.13.so+0xcdfe0)
[leak]Memory Range: [0x4dcdf0 - 0x4dcdf2]
Call Stack (depth 1):
  #0  0x3f931fe0 -  in syscall (/home/wuhuang/fuzz/qasan/cramfs-root/lib/arm-linux-gnueabi/libc-2.13.so+0xcdfe0)
[leak]Memory Range: [0x4dcf10 - 0x4dcf1c]
Call Stack (depth 1):
  #0  0x3f931fe0 -  in syscall (/home/wuhuang/fuzz/qasan/cramfs-root/lib/arm-linux-gnueabi/libc-2.13.so+0xcdfe0)
[leak]Memory Range: [0x4dd038 - 0x4dd072]
Call Stack (depth 1):
  #0  0x3f931fe0 -  in syscall (/home/wuhuang/fuzz/qasan/cramfs-root/lib/arm-linux-gnueabi/libc-2.13.so+0xcdfe0)
[leak]Memory Range: [0x4dd190 - 0x4dd192]
Call Stack (depth 1):
  #0  0x3f931fe0 -  in syscall (/home/wuhuang/fuzz/qasan/cramfs-root/lib/arm-linux-gnueabi/libc-2.13.so+0xcdfe0)
[leak]Memory Range: [0x4dd2b0 - 0x4dd2bc]
Call Stack (depth 1):
  #0  0x3f931fe0 -  in syscall (/home/wuhuang/fuzz/qasan/cramfs-root/lib/arm-linux-gnueabi/libc-2.13.so+0xcdfe0)
[leak]Memory Range: [0x4dd3d8 - 0x4dd40f]
Call Stack (depth 1):
  #0  0x3f931fe0 -  in syscall (/home/wuhuang/fuzz/qasan/cramfs-root/lib/arm-linux-gnueabi/libc-2.13.so+0xcdfe0)
[leak]Memory Range: [0x4dd528 - 0x4dd52a]
Call Stack (depth 1):
  #0  0x3f931fe0 -  in syscall (/home/wuhuang/fuzz/qasan/cramfs-root/lib/arm-linux-gnueabi/libc-2.13.so+0xcdfe0)
[leak]Memory Range: [0x4dd648 - 0x4dd654]
Call Stack (depth 1):
  #0  0x3f931fe0 -  in syscall (/home/wuhuang/fuzz/qasan/cramfs-root/lib/arm-linux-gnueabi/libc-2.13.so+0xcdfe0)
[leak]Memory Range: [0x4dd770 - 0x4dd7ab]
Call Stack (depth 1):
  #0  0x3f931fe0 -  in syscall (/home/wuhuang/fuzz/qasan/cramfs-root/lib/arm-linux-gnueabi/libc-2.13.so+0xcdfe0)
[leak]Memory Range: [0x4dd8c8 - 0x4dd8ca]
Call Stack (depth 1):
  #0  0x3f931fe0 -  in syscall (/home/wuhuang/fuzz/qasan/cramfs-root/lib/arm-linux-gnueabi/libc-2.13.so+0xcdfe0)
[leak]Memory Range: [0x4dd9e8 - 0x4dd9f4]
Call Stack (depth 1):
  #0  0x3f931fe0 -  in syscall (/home/wuhuang/fuzz/qasan/cramfs-root/lib/arm-linux-gnueabi/libc-2.13.so+0xcdfe0)
[leak]Memory Range: [0x4ddb10 - 0x4ddb49]
Call Stack (depth 1):
  #0  0x3f931fe0 -  in syscall (/home/wuhuang/fuzz/qasan/cramfs-root/lib/arm-linux-gnueabi/libc-2.13.so+0xcdfe0)
[leak]Memory Range: [0x4ddc68 - 0x4ddc6a]
Call Stack (depth 1):
  #0  0x3f931fe0 -  in syscall (/home/wuhuang/fuzz/qasan/cramfs-root/lib/arm-linux-gnueabi/libc-2.13.so+0xcdfe0)
[leak]Memory Range: [0x4ddd88 - 0x4ddd94]
Call Stack (depth 1):
  #0  0x3f931fe0 -  in syscall (/home/wuhuang/fuzz/qasan/cramfs-root/lib/arm-linux-gnueabi/libc-2.13.so+0xcdfe0)
[leak]Memory Range: [0x4ddeb0 - 0x4ddee8]
Call Stack (depth 1):
  #0  0x3f931fe0 -  in syscall (/home/wuhuang/fuzz/qasan/cramfs-root/lib/arm-linux-gnueabi/libc-2.13.so+0xcdfe0)
[leak]Memory Range: [0x4de000 - 0x4de002]
Call Stack (depth 1):
  #0  0x3f931fe0 -  in syscall (/home/wuhuang/fuzz/qasan/cramfs-root/lib/arm-linux-gnueabi/libc-2.13.so+0xcdfe0)
[leak]Memory Range: [0x4de120 - 0x4de12c]
Call Stack (depth 1):
  #0  0x3f931fe0 -  in syscall (/home/wuhuang/fuzz/qasan/cramfs-root/lib/arm-linux-gnueabi/libc-2.13.so+0xcdfe0)
[leak]Memory Range: [0x4de248 - 0x4de282]
Call Stack (depth 1):
  #0  0x3f931fe0 -  in syscall (/home/wuhuang/fuzz/qasan/cramfs-root/lib/arm-linux-gnueabi/libc-2.13.so+0xcdfe0)
[leak]Memory Range: [0x4de3a0 - 0x4de3a2]
Call Stack (depth 1):
  #0  0x3f931fe0 -  in syscall (/home/wuhuang/fuzz/qasan/cramfs-root/lib/arm-linux-gnueabi/libc-2.13.so+0xcdfe0)
[leak]Memory Range: [0x4de4c0 - 0x4de4cc]
Call Stack (depth 1):
  #0  0x3f931fe0 -  in syscall (/home/wuhuang/fuzz/qasan/cramfs-root/lib/arm-linux-gnueabi/libc-2.13.so+0xcdfe0)
[leak]Memory Range: [0x4de5e8 - 0x4de621]
Call Stack (depth 1):
  #0  0x3f931fe0 -  in syscall (/home/wuhuang/fuzz/qasan/cramfs-root/lib/arm-linux-gnueabi/libc-2.13.so+0xcdfe0)
[leak]Memory Range: [0x4de740 - 0x4de742]
Call Stack (depth 1):
  #0  0x3f931fe0 -  in syscall (/home/wuhuang/fuzz/qasan/cramfs-root/lib/arm-linux-gnueabi/libc-2.13.so+0xcdfe0)
[leak]Memory Range: [0x4de860 - 0x4de86c]
Call Stack (depth 1):
  #0  0x3f931fe0 -  in syscall (/home/wuhuang/fuzz/qasan/cramfs-root/lib/arm-linux-gnueabi/libc-2.13.so+0xcdfe0)
[leak]Memory Range: [0x4de988 - 0x4de9c1]
Call Stack (depth 1):
  #0  0x3f931fe0 -  in syscall (/home/wuhuang/fuzz/qasan/cramfs-root/lib/arm-linux-gnueabi/libc-2.13.so+0xcdfe0)
[leak]Memory Range: [0x4deae0 - 0x4deae2]
Call Stack (depth 1):
  #0  0x3f931fe0 -  in syscall (/home/wuhuang/fuzz/qasan/cramfs-root/lib/arm-linux-gnueabi/libc-2.13.so+0xcdfe0)
[leak]Memory Range: [0x4dec00 - 0x4dec0c]
Call Stack (depth 1):
  #0  0x3f931fe0 -  in syscall (/home/wuhuang/fuzz/qasan/cramfs-root/lib/arm-linux-gnueabi/libc-2.13.so+0xcdfe0)
[leak]Memory Range: [0x4ded28 - 0x4ded61]
Call Stack (depth 1):
  #0  0x3f931fe0 -  in syscall (/home/wuhuang/fuzz/qasan/cramfs-root/lib/arm-linux-gnueabi/libc-2.13.so+0xcdfe0)
[leak]Memory Range: [0x4dee80 - 0x4dee82]
Call Stack (depth 1):
  #0  0x3f931fe0 -  in syscall (/home/wuhuang/fuzz/qasan/cramfs-root/lib/arm-linux-gnueabi/libc-2.13.so+0xcdfe0)
[leak]Memory Range: [0x4defa0 - 0x4defac]
Call Stack (depth 1):
  #0  0x3f931fe0 -  in syscall (/home/wuhuang/fuzz/qasan/cramfs-root/lib/arm-linux-gnueabi/libc-2.13.so+0xcdfe0)
[leak]Memory Range: [0x4df0c8 - 0x4df10f]
Call Stack (depth 1):
  #0  0x3f931fe0 -  in syscall (/home/wuhuang/fuzz/qasan/cramfs-root/lib/arm-linux-gnueabi/libc-2.13.so+0xcdfe0)
[leak]Memory Range: [0x4df228 - 0x4df22a]
Call Stack (depth 1):
  #0  0x3f931fe0 -  in syscall (/home/wuhuang/fuzz/qasan/cramfs-root/lib/arm-linux-gnueabi/libc-2.13.so+0xcdfe0)
[leak]Memory Range: [0x4df348 - 0x4df34a]
Call Stack (depth 1):
  #0  0x3f931fe0 -  in syscall (/home/wuhuang/fuzz/qasan/cramfs-root/lib/arm-linux-gnueabi/libc-2.13.so+0xcdfe0)
[leak]Memory Range: [0x4df468 - 0x4df474]
Call Stack (depth 1):
  #0  0x3f931fe0 -  in syscall (/home/wuhuang/fuzz/qasan/cramfs-root/lib/arm-linux-gnueabi/libc-2.13.so+0xcdfe0)
[leak]Memory Range: [0x4df590 - 0x4df5bd]
Call Stack (depth 1):
  #0  0x3f931fe0 -  in syscall (/home/wuhuang/fuzz/qasan/cramfs-root/lib/arm-linux-gnueabi/libc-2.13.so+0xcdfe0)
[leak]Memory Range: [0x4df6d8 - 0x4df6da]
Call Stack (depth 1):
  #0  0x3f931fe0 -  in syscall (/home/wuhuang/fuzz/qasan/cramfs-root/lib/arm-linux-gnueabi/libc-2.13.so+0xcdfe0)
[leak]Memory Range: [0x4df7f8 - 0x4df804]
Call Stack (depth 1):
  #0  0x3f931fe0 -  in syscall (/home/wuhuang/fuzz/qasan/cramfs-root/lib/arm-linux-gnueabi/libc-2.13.so+0xcdfe0)
[leak]Memory Range: [0x4df920 - 0x4df95f]
Call Stack (depth 1):
  #0  0x3f931fe0 -  in syscall (/home/wuhuang/fuzz/qasan/cramfs-root/lib/arm-linux-gnueabi/libc-2.13.so+0xcdfe0)
[leak]Memory Range: [0x4dfa78 - 0x4dfa96]
Call Stack (depth 1):
  #0  0x3f931fe0 -  in syscall (/home/wuhuang/fuzz/qasan/cramfs-root/lib/arm-linux-gnueabi/libc-2.13.so+0xcdfe0)
[leak]Memory Range: [0x4dfbb0 - 0x4dfbbc]
Call Stack (depth 1):
  #0  0x3f931fe0 -  in syscall (/home/wuhuang/fuzz/qasan/cramfs-root/lib/arm-linux-gnueabi/libc-2.13.so+0xcdfe0)
[leak]Memory Range: [0x4dfcd8 - 0x4dfd11]
Call Stack (depth 1):
  #0  0x3f931fe0 -  in syscall (/home/wuhuang/fuzz/qasan/cramfs-root/lib/arm-linux-gnueabi/libc-2.13.so+0xcdfe0)
[leak]Memory Range: [0x4dfe30 - 0x4dfe40]
Call Stack (depth 1):
  #0  0x3f931fe0 -  in syscall (/home/wuhuang/fuzz/qasan/cramfs-root/lib/arm-linux-gnueabi/libc-2.13.so+0xcdfe0)
[leak]Memory Range: [0x4dff58 - 0x4dff64]
Call Stack (depth 1):
  #0  0x3f931fe0 -  in syscall (/home/wuhuang/fuzz/qasan/cramfs-root/lib/arm-linux-gnueabi/libc-2.13.so+0xcdfe0)
[leak]Memory Range: [0x4e0080 - 0x4e00b7]
Call Stack (depth 1):
  #0  0x3f931fe0 -  in syscall (/home/wuhuang/fuzz/qasan/cramfs-root/lib/arm-linux-gnueabi/libc-2.13.so+0xcdfe0)
[leak]Memory Range: [0x4e01d0 - 0x4e01d2]
Call Stack (depth 1):
  #0  0x3f931fe0 -  in syscall (/home/wuhuang/fuzz/qasan/cramfs-root/lib/arm-linux-gnueabi/libc-2.13.so+0xcdfe0)
[leak]Memory Range: [0x4e02f0 - 0x4e02fc]
Call Stack (depth 1):
  #0  0x3f931fe0 -  in syscall (/home/wuhuang/fuzz/qasan/cramfs-root/lib/arm-linux-gnueabi/libc-2.13.so+0xcdfe0)
[leak]Memory Range: [0x4e0418 - 0x4e0454]
Call Stack (depth 1):
  #0  0x3f931fe0 -  in syscall (/home/wuhuang/fuzz/qasan/cramfs-root/lib/arm-linux-gnueabi/libc-2.13.so+0xcdfe0)
[leak]Memory Range: [0x4e0570 - 0x4e0572]
Call Stack (depth 1):
  #0  0x3f931fe0 -  in syscall (/home/wuhuang/fuzz/qasan/cramfs-root/lib/arm-linux-gnueabi/libc-2.13.so+0xcdfe0)
[leak]Memory Range: [0x4e0690 - 0x4e069c]
Call Stack (depth 1):
  #0  0x3f931fe0 -  in syscall (/home/wuhuang/fuzz/qasan/cramfs-root/lib/arm-linux-gnueabi/libc-2.13.so+0xcdfe0)
[leak]Memory Range: [0x4e07b8 - 0x4e080b]
Call Stack (depth 1):
  #0  0x3f931fe0 -  in syscall (/home/wuhuang/fuzz/qasan/cramfs-root/lib/arm-linux-gnueabi/libc-2.13.so+0xcdfe0)
[leak]Memory Range: [0x4e0928 - 0x4e092a]
Call Stack (depth 1):
  #0  0x3f931fe0 -  in syscall (/home/wuhuang/fuzz/qasan/cramfs-root/lib/arm-linux-gnueabi/libc-2.13.so+0xcdfe0)
[leak]Memory Range: [0x4e0a48 - 0x4e0a54]
Call Stack (depth 1):
  #0  0x3f931fe0 -  in syscall (/home/wuhuang/fuzz/qasan/cramfs-root/lib/arm-linux-gnueabi/libc-2.13.so+0xcdfe0)
[leak]Memory Range: [0x4e0b70 - 0x4e0ba7]
Call Stack (depth 1):
  #0  0x3f931fe0 -  in syscall (/home/wuhuang/fuzz/qasan/cramfs-root/lib/arm-linux-gnueabi/libc-2.13.so+0xcdfe0)
[leak]Memory Range: [0x4e0cc0 - 0x4e0cc2]
Call Stack (depth 1):
  #0  0x3f931fe0 -  in syscall (/home/wuhuang/fuzz/qasan/cramfs-root/lib/arm-linux-gnueabi/libc-2.13.so+0xcdfe0)
[leak]Memory Range: [0x4e0de0 - 0x4e0dec]
Call Stack (depth 1):
  #0  0x3f931fe0 -  in syscall (/home/wuhuang/fuzz/qasan/cramfs-root/lib/arm-linux-gnueabi/libc-2.13.so+0xcdfe0)
[leak]Memory Range: [0x4e0f08 - 0x4e0f45]
Call Stack (depth 1):
  #0  0x3f931fe0 -  in syscall (/home/wuhuang/fuzz/qasan/cramfs-root/lib/arm-linux-gnueabi/libc-2.13.so+0xcdfe0)
[leak]Memory Range: [0x4e1060 - 0x4e1062]
Call Stack (depth 1):
  #0  0x3f931fe0 -  in syscall (/home/wuhuang/fuzz/qasan/cramfs-root/lib/arm-linux-gnueabi/libc-2.13.so+0xcdfe0)
[leak]Memory Range: [0x4e1180 - 0x4e118c]
Call Stack (depth 1):
  #0  0x3f931fe0 -  in syscall (/home/wuhuang/fuzz/qasan/cramfs-root/lib/arm-linux-gnueabi/libc-2.13.so+0xcdfe0)
[leak]Memory Range: [0x4e12a8 - 0x4e12d7]
Call Stack (depth 1):
  #0  0x3f931fe0 -  in syscall (/home/wuhuang/fuzz/qasan/cramfs-root/lib/arm-linux-gnueabi/libc-2.13.so+0xcdfe0)
[leak]Memory Range: [0x4e13f0 - 0x4e13f2]
Call Stack (depth 1):
  #0  0x3f931fe0 -  in syscall (/home/wuhuang/fuzz/qasan/cramfs-root/lib/arm-linux-gnueabi/libc-2.13.so+0xcdfe0)
[leak]Memory Range: [0x4e1510 - 0x4e151c]
Call Stack (depth 1):
  #0  0x3f931fe0 -  in syscall (/home/wuhuang/fuzz/qasan/cramfs-root/lib/arm-linux-gnueabi/libc-2.13.so+0xcdfe0)
[leak]Memory Range: [0x4e1638 - 0x4e166b]
Call Stack (depth 1):
  #0  0x3f931fe0 -  in syscall (/home/wuhuang/fuzz/qasan/cramfs-root/lib/arm-linux-gnueabi/libc-2.13.so+0xcdfe0)
[leak]Memory Range: [0x4e1788 - 0x4e178a]
Call Stack (depth 1):
  #0  0x3f931fe0 -  in syscall (/home/wuhuang/fuzz/qasan/cramfs-root/lib/arm-linux-gnueabi/libc-2.13.so+0xcdfe0)
[leak]Memory Range: [0x4e18a8 - 0x4e18b4]
Call Stack (depth 1):
  #0  0x3f931fe0 -  in syscall (/home/wuhuang/fuzz/qasan/cramfs-root/lib/arm-linux-gnueabi/libc-2.13.so+0xcdfe0)
[leak]Memory Range: [0x4e19d0 - 0x4e1a03]
Call Stack (depth 1):
  #0  0x3f931fe0 -  in syscall (/home/wuhuang/fuzz/qasan/cramfs-root/lib/arm-linux-gnueabi/libc-2.13.so+0xcdfe0)
[leak]Memory Range: [0x4e1b20 - 0x4e1b22]
Call Stack (depth 1):
  #0  0x3f931fe0 -  in syscall (/home/wuhuang/fuzz/qasan/cramfs-root/lib/arm-linux-gnueabi/libc-2.13.so+0xcdfe0)
[leak]Memory Range: [0x4e1c40 - 0x4e1c4c]
Call Stack (depth 1):
  #0  0x3f931fe0 -  in syscall (/home/wuhuang/fuzz/qasan/cramfs-root/lib/arm-linux-gnueabi/libc-2.13.so+0xcdfe0)
[leak]Memory Range: [0x4e1d68 - 0x4e1d92]
Call Stack (depth 1):
  #0  0x3f931fe0 -  in syscall (/home/wuhuang/fuzz/qasan/cramfs-root/lib/arm-linux-gnueabi/libc-2.13.so+0xcdfe0)
[leak]Memory Range: [0x4e1eb0 - 0x4e1eb2]
Call Stack (depth 1):
  #0  0x3f931fe0 -  in syscall (/home/wuhuang/fuzz/qasan/cramfs-root/lib/arm-linux-gnueabi/libc-2.13.so+0xcdfe0)
[leak]Memory Range: [0x4e1fd0 - 0x4e1fdc]
Call Stack (depth 1):
  #0  0x3f931fe0 -  in syscall (/home/wuhuang/fuzz/qasan/cramfs-root/lib/arm-linux-gnueabi/libc-2.13.so+0xcdfe0)
[leak]Memory Range: [0x4e20f8 - 0x4e2132]
Call Stack (depth 1):
  #0  0x3f931fe0 -  in syscall (/home/wuhuang/fuzz/qasan/cramfs-root/lib/arm-linux-gnueabi/libc-2.13.so+0xcdfe0)
[leak]Memory Range: [0x4e2250 - 0x4e2252]
Call Stack (depth 1):
  #0  0x3f931fe0 -  in syscall (/home/wuhuang/fuzz/qasan/cramfs-root/lib/arm-linux-gnueabi/libc-2.13.so+0xcdfe0)
[leak]Memory Range: [0x4e2370 - 0x4e237c]
Call Stack (depth 1):
  #0  0x3f931fe0 -  in syscall (/home/wuhuang/fuzz/qasan/cramfs-root/lib/arm-linux-gnueabi/libc-2.13.so+0xcdfe0)
[leak]Memory Range: [0x4e2498 - 0x4e24d4]
Call Stack (depth 1):
  #0  0x3f931fe0 -  in syscall (/home/wuhuang/fuzz/qasan/cramfs-root/lib/arm-linux-gnueabi/libc-2.13.so+0xcdfe0)
[leak]Memory Range: [0x4e25f0 - 0x4e25f2]
Call Stack (depth 1):
  #0  0x3f931fe0 -  in syscall (/home/wuhuang/fuzz/qasan/cramfs-root/lib/arm-linux-gnueabi/libc-2.13.so+0xcdfe0)
[leak]Memory Range: [0x4e2710 - 0x4e271c]
Call Stack (depth 1):
  #0  0x3f931fe0 -  in syscall (/home/wuhuang/fuzz/qasan/cramfs-root/lib/arm-linux-gnueabi/libc-2.13.so+0xcdfe0)
[leak]Memory Range: [0x4e2838 - 0x4e2875]
Call Stack (depth 1):
  #0  0x3f931fe0 -  in syscall (/home/wuhuang/fuzz/qasan/cramfs-root/lib/arm-linux-gnueabi/libc-2.13.so+0xcdfe0)
[leak]Memory Range: [0x4e2990 - 0x4e299c]
Call Stack (depth 1):
  #0  0x3f931fe0 -  in syscall (/home/wuhuang/fuzz/qasan/cramfs-root/lib/arm-linux-gnueabi/libc-2.13.so+0xcdfe0)
[leak]Memory Range: [0x4e2ab8 - 0x4e2ac4]
Call Stack (depth 1):
  #0  0x3f931fe0 -  in syscall (/home/wuhuang/fuzz/qasan/cramfs-root/lib/arm-linux-gnueabi/libc-2.13.so+0xcdfe0)
[leak]Memory Range: [0x4e2be0 - 0x4e2c0d]
Call Stack (depth 1):
  #0  0x3f931fe0 -  in syscall (/home/wuhuang/fuzz/qasan/cramfs-root/lib/arm-linux-gnueabi/libc-2.13.so+0xcdfe0)
[leak]Memory Range: [0x4e2d28 - 0x4e2d2a]
Call Stack (depth 1):
  #0  0x3f931fe0 -  in syscall (/home/wuhuang/fuzz/qasan/cramfs-root/lib/arm-linux-gnueabi/libc-2.13.so+0xcdfe0)
[leak]Memory Range: [0x4e2e48 - 0x4e2e54]
Call Stack (depth 1):
  #0  0x3f931fe0 -  in syscall (/home/wuhuang/fuzz/qasan/cramfs-root/lib/arm-linux-gnueabi/libc-2.13.so+0xcdfe0)
[leak]Memory Range: [0x4e2f70 - 0x4e2fac]
Call Stack (depth 1):
  #0  0x3f931fe0 -  in syscall (/home/wuhuang/fuzz/qasan/cramfs-root/lib/arm-linux-gnueabi/libc-2.13.so+0xcdfe0)
[leak]Memory Range: [0x4e30c8 - 0x4e30d6]
Call Stack (depth 1):
  #0  0x3f931fe0 -  in syscall (/home/wuhuang/fuzz/qasan/cramfs-root/lib/arm-linux-gnueabi/libc-2.13.so+0xcdfe0)
[leak]Memory Range: [0x4e31f0 - 0x4e31fc]
Call Stack (depth 1):
  #0  0x3f931fe0 -  in syscall (/home/wuhuang/fuzz/qasan/cramfs-root/lib/arm-linux-gnueabi/libc-2.13.so+0xcdfe0)
[leak]Memory Range: [0x4e3318 - 0x4e334e]
Call Stack (depth 1):
  #0  0x3f931fe0 -  in syscall (/home/wuhuang/fuzz/qasan/cramfs-root/lib/arm-linux-gnueabi/libc-2.13.so+0xcdfe0)
[leak]Memory Range: [0x4e3468 - 0x4e347d]
Call Stack (depth 1):
  #0  0x3f931fe0 -  in syscall (/home/wuhuang/fuzz/qasan/cramfs-root/lib/arm-linux-gnueabi/libc-2.13.so+0xcdfe0)
[leak]Memory Range: [0x4e3598 - 0x4e35a4]
Call Stack (depth 1):
  #0  0x3f931fe0 -  in syscall (/home/wuhuang/fuzz/qasan/cramfs-root/lib/arm-linux-gnueabi/libc-2.13.so+0xcdfe0)
[leak]Memory Range: [0x4e36c0 - 0x4e36f1]
Call Stack (depth 1):
  #0  0x3f931fe0 -  in syscall (/home/wuhuang/fuzz/qasan/cramfs-root/lib/arm-linux-gnueabi/libc-2.13.so+0xcdfe0)
[leak]Memory Range: [0x4e3810 - 0x4e3820]
Call Stack (depth 1):
  #0  0x3f931fe0 -  in syscall (/home/wuhuang/fuzz/qasan/cramfs-root/lib/arm-linux-gnueabi/libc-2.13.so+0xcdfe0)
[leak]Memory Range: [0x4e3938 - 0x4e3944]
Call Stack (depth 1):
  #0  0x3f931fe0 -  in syscall (/home/wuhuang/fuzz/qasan/cramfs-root/lib/arm-linux-gnueabi/libc-2.13.so+0xcdfe0)
[leak]Memory Range: [0x4e3a60 - 0x4e3a98]
Call Stack (depth 1):
  #0  0x3f931fe0 -  in syscall (/home/wuhuang/fuzz/qasan/cramfs-root/lib/arm-linux-gnueabi/libc-2.13.so+0xcdfe0)
[leak]Memory Range: [0x4e3bb0 - 0x4e3bc7]
Call Stack (depth 1):
  #0  0x3f931fe0 -  in syscall (/home/wuhuang/fuzz/qasan/cramfs-root/lib/arm-linux-gnueabi/libc-2.13.so+0xcdfe0)
[leak]Memory Range: [0x4e3ce0 - 0x4e3cec]
Call Stack (depth 1):
  #0  0x3f931fe0 -  in syscall (/home/wuhuang/fuzz/qasan/cramfs-root/lib/arm-linux-gnueabi/libc-2.13.so+0xcdfe0)
[leak]Memory Range: [0x4e3e08 - 0x4e3e3b]
Call Stack (depth 1):
  #0  0x3f931fe0 -  in syscall (/home/wuhuang/fuzz/qasan/cramfs-root/lib/arm-linux-gnueabi/libc-2.13.so+0xcdfe0)
[leak]Memory Range: [0x4e3f58 - 0x4e3f6a]
Call Stack (depth 1):
  #0  0x3f931fe0 -  in syscall (/home/wuhuang/fuzz/qasan/cramfs-root/lib/arm-linux-gnueabi/libc-2.13.so+0xcdfe0)
[leak]Memory Range: [0x4e4088 - 0x4e4094]
Call Stack (depth 1):
  #0  0x3f931fe0 -  in syscall (/home/wuhuang/fuzz/qasan/cramfs-root/lib/arm-linux-gnueabi/libc-2.13.so+0xcdfe0)
[leak]Memory Range: [0x4e41b0 - 0x4e41e0]
Call Stack (depth 1):
  #0  0x3f931fe0 -  in syscall (/home/wuhuang/fuzz/qasan/cramfs-root/lib/arm-linux-gnueabi/libc-2.13.so+0xcdfe0)
[leak]Memory Range: [0x4e42f8 - 0x4e4307]
Call Stack (depth 1):
  #0  0x3f931fe0 -  in syscall (/home/wuhuang/fuzz/qasan/cramfs-root/lib/arm-linux-gnueabi/libc-2.13.so+0xcdfe0)
[leak]Memory Range: [0x4e4420 - 0x4e442c]
Call Stack (depth 1):
  #0  0x3f931fe0 -  in syscall (/home/wuhuang/fuzz/qasan/cramfs-root/lib/arm-linux-gnueabi/libc-2.13.so+0xcdfe0)
[leak]Memory Range: [0x4e4548 - 0x4e457d]
Call Stack (depth 1):
  #0  0x3f931fe0 -  in syscall (/home/wuhuang/fuzz/qasan/cramfs-root/lib/arm-linux-gnueabi/libc-2.13.so+0xcdfe0)
[leak]Memory Range: [0x4e4698 - 0x4e46ac]
Call Stack (depth 1):
  #0  0x3f931fe0 -  in syscall (/home/wuhuang/fuzz/qasan/cramfs-root/lib/arm-linux-gnueabi/libc-2.13.so+0xcdfe0)
[leak]Memory Range: [0x4e47c8 - 0x4e47d4]
Call Stack (depth 1):
  #0  0x3f931fe0 -  in syscall (/home/wuhuang/fuzz/qasan/cramfs-root/lib/arm-linux-gnueabi/libc-2.13.so+0xcdfe0)
[leak]Memory Range: [0x4e48f0 - 0x4e493d]
Call Stack (depth 1):
  #0  0x3f931fe0 -  in syscall (/home/wuhuang/fuzz/qasan/cramfs-root/lib/arm-linux-gnueabi/libc-2.13.so+0xcdfe0)
[leak]Memory Range: [0x4e4a58 - 0x4e4a5a]
Call Stack (depth 1):
  #0  0x3f931fe0 -  in syscall (/home/wuhuang/fuzz/qasan/cramfs-root/lib/arm-linux-gnueabi/libc-2.13.so+0xcdfe0)
[leak]Memory Range: [0x4e4b78 - 0x4e4b84]
Call Stack (depth 1):
  #0  0x3f931fe0 -  in syscall (/home/wuhuang/fuzz/qasan/cramfs-root/lib/arm-linux-gnueabi/libc-2.13.so+0xcdfe0)
[leak]Memory Range: [0x4e4ca0 - 0x4e4cd7]
Call Stack (depth 1):
  #0  0x3f931fe0 -  in syscall (/home/wuhuang/fuzz/qasan/cramfs-root/lib/arm-linux-gnueabi/libc-2.13.so+0xcdfe0)
[leak]Memory Range: [0x4e4df0 - 0x4e4e06]
Call Stack (depth 1):
  #0  0x3f931fe0 -  in syscall (/home/wuhuang/fuzz/qasan/cramfs-root/lib/arm-linux-gnueabi/libc-2.13.so+0xcdfe0)
[leak]Memory Range: [0x4e4f20 - 0x4e4f2c]
Call Stack (depth 1):
  #0  0x3f931fe0 -  in syscall (/home/wuhuang/fuzz/qasan/cramfs-root/lib/arm-linux-gnueabi/libc-2.13.so+0xcdfe0)
[leak]Memory Range: [0x4e5048 - 0x4e5073]
Call Stack (depth 1):
  #0  0x3f931fe0 -  in syscall (/home/wuhuang/fuzz/qasan/cramfs-root/lib/arm-linux-gnueabi/libc-2.13.so+0xcdfe0)
[leak]Memory Range: [0x4e5190 - 0x4e519a]
Call Stack (depth 1):
  #0  0x3f931fe0 -  in syscall (/home/wuhuang/fuzz/qasan/cramfs-root/lib/arm-linux-gnueabi/libc-2.13.so+0xcdfe0)
[leak]Memory Range: [0x4e52b8 - 0x4e52c4]
Call Stack (depth 1):
  #0  0x3f931fe0 -  in syscall (/home/wuhuang/fuzz/qasan/cramfs-root/lib/arm-linux-gnueabi/libc-2.13.so+0xcdfe0)
[leak]Memory Range: [0x4e53e0 - 0x4e5415]
Call Stack (depth 1):
  #0  0x3f931fe0 -  in syscall (/home/wuhuang/fuzz/qasan/cramfs-root/lib/arm-linux-gnueabi/libc-2.13.so+0xcdfe0)
[leak]Memory Range: [0x4e5530 - 0x4e5544]
Call Stack (depth 1):
  #0  0x3f931fe0 -  in syscall (/home/wuhuang/fuzz/qasan/cramfs-root/lib/arm-linux-gnueabi/libc-2.13.so+0xcdfe0)
[leak]Memory Range: [0x4e5660 - 0x4e566c]
Call Stack (depth 1):
  #0  0x3f931fe0 -  in syscall (/home/wuhuang/fuzz/qasan/cramfs-root/lib/arm-linux-gnueabi/libc-2.13.so+0xcdfe0)
[leak]Memory Range: [0x4e5788 - 0x4e57b6]
Call Stack (depth 1):
  #0  0x3f931fe0 -  in syscall (/home/wuhuang/fuzz/qasan/cramfs-root/lib/arm-linux-gnueabi/libc-2.13.so+0xcdfe0)
[leak]Memory Range: [0x4e58d0 - 0x4e58e2]
Call Stack (depth 1):
  #0  0x3f931fe0 -  in syscall (/home/wuhuang/fuzz/qasan/cramfs-root/lib/arm-linux-gnueabi/libc-2.13.so+0xcdfe0)
[leak]Memory Range: [0x4e5a00 - 0x4e5a0c]
Call Stack (depth 1):
  #0  0x3f931fe0 -  in syscall (/home/wuhuang/fuzz/qasan/cramfs-root/lib/arm-linux-gnueabi/libc-2.13.so+0xcdfe0)
[leak]Memory Range: [0x4e5b28 - 0x4e5b5b]
Call Stack (depth 1):
  #0  0x3f931fe0 -  in syscall (/home/wuhuang/fuzz/qasan/cramfs-root/lib/arm-linux-gnueabi/libc-2.13.so+0xcdfe0)
[leak]Memory Range: [0x4e5c78 - 0x4e5c8a]
Call Stack (depth 1):
  #0  0x3f931fe0 -  in syscall (/home/wuhuang/fuzz/qasan/cramfs-root/lib/arm-linux-gnueabi/libc-2.13.so+0xcdfe0)
[leak]Memory Range: [0x4e5da8 - 0x4e5db4]
Call Stack (depth 1):
  #0  0x3f931fe0 -  in syscall (/home/wuhuang/fuzz/qasan/cramfs-root/lib/arm-linux-gnueabi/libc-2.13.so+0xcdfe0)
[leak]Memory Range: [0x4e5ed0 - 0x4e5f06]
Call Stack (depth 1):
  #0  0x3f931fe0 -  in syscall (/home/wuhuang/fuzz/qasan/cramfs-root/lib/arm-linux-gnueabi/libc-2.13.so+0xcdfe0)
[leak]Memory Range: [0x4e6020 - 0x4e6035]
Call Stack (depth 1):
  #0  0x3f931fe0 -  in syscall (/home/wuhuang/fuzz/qasan/cramfs-root/lib/arm-linux-gnueabi/libc-2.13.so+0xcdfe0)
[leak]Memory Range: [0x4e6150 - 0x4e615c]
Call Stack (depth 1):
  #0  0x3f931fe0 -  in syscall (/home/wuhuang/fuzz/qasan/cramfs-root/lib/arm-linux-gnueabi/libc-2.13.so+0xcdfe0)
[leak]Memory Range: [0x4e6278 - 0x4e62b1]
Call Stack (depth 1):
  #0  0x3f931fe0 -  in syscall (/home/wuhuang/fuzz/qasan/cramfs-root/lib/arm-linux-gnueabi/libc-2.13.so+0xcdfe0)
[leak]Memory Range: [0x4e63d0 - 0x4e63e8]
Call Stack (depth 1):
  #0  0x3f931fe0 -  in syscall (/home/wuhuang/fuzz/qasan/cramfs-root/lib/arm-linux-gnueabi/libc-2.13.so+0xcdfe0)
[leak]Memory Range: [0x4e6500 - 0x4e650c]
Call Stack (depth 1):
  #0  0x3f931fe0 -  in syscall (/home/wuhuang/fuzz/qasan/cramfs-root/lib/arm-linux-gnueabi/libc-2.13.so+0xcdfe0)
[leak]Memory Range: [0x4e6628 - 0x4e6662]
Call Stack (depth 1):
  #0  0x3f931fe0 -  in syscall (/home/wuhuang/fuzz/qasan/cramfs-root/lib/arm-linux-gnueabi/libc-2.13.so+0xcdfe0)
[leak]Memory Range: [0x4e6780 - 0x4e6799]
Call Stack (depth 1):
  #0  0x3f931fe0 -  in syscall (/home/wuhuang/fuzz/qasan/cramfs-root/lib/arm-linux-gnueabi/libc-2.13.so+0xcdfe0)
[leak]Memory Range: [0x4e68b8 - 0x4e68c4]
Call Stack (depth 1):
  #0  0x3f931fe0 -  in syscall (/home/wuhuang/fuzz/qasan/cramfs-root/lib/arm-linux-gnueabi/libc-2.13.so+0xcdfe0)
[leak]Memory Range: [0x4e69e0 - 0x4e6a0e]
Call Stack (depth 1):
  #0  0x3f931fe0 -  in syscall (/home/wuhuang/fuzz/qasan/cramfs-root/lib/arm-linux-gnueabi/libc-2.13.so+0xcdfe0)
[leak]Memory Range: [0x4e6b28 - 0x4e6b2a]
Call Stack (depth 1):
  #0  0x3f931fe0 -  in syscall (/home/wuhuang/fuzz/qasan/cramfs-root/lib/arm-linux-gnueabi/libc-2.13.so+0xcdfe0)
[leak]Memory Range: [0x4e6c48 - 0x4e6c54]
Call Stack (depth 1):
  #0  0x3f931fe0 -  in syscall (/home/wuhuang/fuzz/qasan/cramfs-root/lib/arm-linux-gnueabi/libc-2.13.so+0xcdfe0)
[leak]Memory Range: [0x4e6d70 - 0x4e6d9e]
Call Stack (depth 1):
  #0  0x3f931fe0 -  in syscall (/home/wuhuang/fuzz/qasan/cramfs-root/lib/arm-linux-gnueabi/libc-2.13.so+0xcdfe0)
[leak]Memory Range: [0x4e6eb8 - 0x4e6eba]
Call Stack (depth 1):
  #0  0x3f931fe0 -  in syscall (/home/wuhuang/fuzz/qasan/cramfs-root/lib/arm-linux-gnueabi/libc-2.13.so+0xcdfe0)
[leak]Memory Range: [0x4e6fd8 - 0x4e6fe4]
Call Stack (depth 1):
  #0  0x3f931fe0 -  in syscall (/home/wuhuang/fuzz/qasan/cramfs-root/lib/arm-linux-gnueabi/libc-2.13.so+0xcdfe0)
[leak]Memory Range: [0x4e7100 - 0x4e712e]
Call Stack (depth 1):
  #0  0x3f931fe0 -  in syscall (/home/wuhuang/fuzz/qasan/cramfs-root/lib/arm-linux-gnueabi/libc-2.13.so+0xcdfe0)
[leak]Memory Range: [0x4e7248 - 0x4e724a]
Call Stack (depth 1):
  #0  0x3f931fe0 -  in syscall (/home/wuhuang/fuzz/qasan/cramfs-root/lib/arm-linux-gnueabi/libc-2.13.so+0xcdfe0)
[leak]Memory Range: [0x4e7368 - 0x4e7374]
Call Stack (depth 1):
  #0  0x3f931fe0 -  in syscall (/home/wuhuang/fuzz/qasan/cramfs-root/lib/arm-linux-gnueabi/libc-2.13.so+0xcdfe0)
[leak]Memory Range: [0x4e7490 - 0x4e74c7]
Call Stack (depth 1):
  #0  0x3f931fe0 -  in syscall (/home/wuhuang/fuzz/qasan/cramfs-root/lib/arm-linux-gnueabi/libc-2.13.so+0xcdfe0)
[leak]Memory Range: [0x4e75e0 - 0x4e75e2]
Call Stack (depth 1):
  #0  0x3f931fe0 -  in syscall (/home/wuhuang/fuzz/qasan/cramfs-root/lib/arm-linux-gnueabi/libc-2.13.so+0xcdfe0)
[leak]Memory Range: [0x4e7700 - 0x4e770c]
Call Stack (depth 1):
  #0  0x3f931fe0 -  in syscall (/home/wuhuang/fuzz/qasan/cramfs-root/lib/arm-linux-gnueabi/libc-2.13.so+0xcdfe0)
[leak]Memory Range: [0x4e7828 - 0x4e785c]
Call Stack (depth 1):
  #0  0x3f931fe0 -  in syscall (/home/wuhuang/fuzz/qasan/cramfs-root/lib/arm-linux-gnueabi/libc-2.13.so+0xcdfe0)
[leak]Memory Range: [0x4e7978 - 0x4e797a]
Call Stack (depth 1):
  #0  0x3f931fe0 -  in syscall (/home/wuhuang/fuzz/qasan/cramfs-root/lib/arm-linux-gnueabi/libc-2.13.so+0xcdfe0)
[leak]Memory Range: [0x4e7a98 - 0x4e7aa4]
Call Stack (depth 1):
  #0  0x3f931fe0 -  in syscall (/home/wuhuang/fuzz/qasan/cramfs-root/lib/arm-linux-gnueabi/libc-2.13.so+0xcdfe0)
[leak]Memory Range: [0x4e7bc0 - 0x4e7bf0]
Call Stack (depth 1):
  #0  0x3f931fe0 -  in syscall (/home/wuhuang/fuzz/qasan/cramfs-root/lib/arm-linux-gnueabi/libc-2.13.so+0xcdfe0)
[leak]Memory Range: [0x4e7e30 - 0x4e7e37]
Call Stack (depth 1):
  #0  0x3f931fe0 -  in syscall (/home/wuhuang/fuzz/qasan/cramfs-root/lib/arm-linux-gnueabi/libc-2.13.so+0xcdfe0)
[leak]Memory Range: [0x4e7f50 - 0x4e7f5c]
Call Stack (depth 1):
  #0  0x3f931fe0 -  in syscall (/home/wuhuang/fuzz/qasan/cramfs-root/lib/arm-linux-gnueabi/libc-2.13.so+0xcdfe0)
[leak]Memory Range: [0x4e8078 - 0x4e80b5]
Call Stack (depth 1):
  #0  0x3f931fe0 -  in syscall (/home/wuhuang/fuzz/qasan/cramfs-root/lib/arm-linux-gnueabi/libc-2.13.so+0xcdfe0)
[leak]Memory Range: [0x4e81d0 - 0x4e81d2]
Call Stack (depth 1):
  #0  0x3f931fe0 -  in syscall (/home/wuhuang/fuzz/qasan/cramfs-root/lib/arm-linux-gnueabi/libc-2.13.so+0xcdfe0)
[leak]Memory Range: [0x4e82f0 - 0x4e82fc]
Call Stack (depth 1):
  #0  0x3f931fe0 -  in syscall (/home/wuhuang/fuzz/qasan/cramfs-root/lib/arm-linux-gnueabi/libc-2.13.so+0xcdfe0)
[leak]Memory Range: [0x4e8418 - 0x4e8455]
Call Stack (depth 1):
  #0  0x3f931fe0 -  in syscall (/home/wuhuang/fuzz/qasan/cramfs-root/lib/arm-linux-gnueabi/libc-2.13.so+0xcdfe0)
[leak]Memory Range: [0x4e8570 - 0x4e8572]
Call Stack (depth 1):
  #0  0x3f931fe0 -  in syscall (/home/wuhuang/fuzz/qasan/cramfs-root/lib/arm-linux-gnueabi/libc-2.13.so+0xcdfe0)
[leak]Memory Range: [0x4e8690 - 0x4e869c]
Call Stack (depth 1):
  #0  0x3f931fe0 -  in syscall (/home/wuhuang/fuzz/qasan/cramfs-root/lib/arm-linux-gnueabi/libc-2.13.so+0xcdfe0)
[leak]Memory Range: [0x4e87b8 - 0x4e87f5]
Call Stack (depth 1):
  #0  0x3f931fe0 -  in syscall (/home/wuhuang/fuzz/qasan/cramfs-root/lib/arm-linux-gnueabi/libc-2.13.so+0xcdfe0)
[leak]Memory Range: [0x4e8910 - 0x4e8912]
Call Stack (depth 1):
  #0  0x3f931fe0 -  in syscall (/home/wuhuang/fuzz/qasan/cramfs-root/lib/arm-linux-gnueabi/libc-2.13.so+0xcdfe0)
[leak]Memory Range: [0x4e8a30 - 0x4e8a3c]
Call Stack (depth 1):
  #0  0x3f931fe0 -  in syscall (/home/wuhuang/fuzz/qasan/cramfs-root/lib/arm-linux-gnueabi/libc-2.13.so+0xcdfe0)
[leak]Memory Range: [0x4e8b58 - 0x4e8b88]
Call Stack (depth 1):
  #0  0x3f931fe0 -  in syscall (/home/wuhuang/fuzz/qasan/cramfs-root/lib/arm-linux-gnueabi/libc-2.13.so+0xcdfe0)
[leak]Memory Range: [0x4e8dc8 - 0x4e8dcf]
Call Stack (depth 1):
  #0  0x3f931fe0 -  in syscall (/home/wuhuang/fuzz/qasan/cramfs-root/lib/arm-linux-gnueabi/libc-2.13.so+0xcdfe0)
[leak]Memory Range: [0x4e8ee8 - 0x4e8ef4]
Call Stack (depth 1):
  #0  0x3f931fe0 -  in syscall (/home/wuhuang/fuzz/qasan/cramfs-root/lib/arm-linux-gnueabi/libc-2.13.so+0xcdfe0)
[leak]Memory Range: [0x4e9010 - 0x4e9049]
Call Stack (depth 1):
  #0  0x3f931fe0 -  in syscall (/home/wuhuang/fuzz/qasan/cramfs-root/lib/arm-linux-gnueabi/libc-2.13.so+0xcdfe0)
[leak]Memory Range: [0x4e9168 - 0x4e916a]
Call Stack (depth 1):
  #0  0x3f931fe0 -  in syscall (/home/wuhuang/fuzz/qasan/cramfs-root/lib/arm-linux-gnueabi/libc-2.13.so+0xcdfe0)
[leak]Memory Range: [0x4e9288 - 0x4e9294]
Call Stack (depth 1):
  #0  0x3f931fe0 -  in syscall (/home/wuhuang/fuzz/qasan/cramfs-root/lib/arm-linux-gnueabi/libc-2.13.so+0xcdfe0)
[leak]Memory Range: [0x4e93b0 - 0x4e93e4]
Call Stack (depth 1):
  #0  0x3f931fe0 -  in syscall (/home/wuhuang/fuzz/qasan/cramfs-root/lib/arm-linux-gnueabi/libc-2.13.so+0xcdfe0)
[leak]Memory Range: [0x4e9500 - 0x4e9502]
Call Stack (depth 1):
  #0  0x3f931fe0 -  in syscall (/home/wuhuang/fuzz/qasan/cramfs-root/lib/arm-linux-gnueabi/libc-2.13.so+0xcdfe0)
[leak]Memory Range: [0x4e9620 - 0x4e962c]
Call Stack (depth 1):
  #0  0x3f931fe0 -  in syscall (/home/wuhuang/fuzz/qasan/cramfs-root/lib/arm-linux-gnueabi/libc-2.13.so+0xcdfe0)
[leak]Memory Range: [0x4e9748 - 0x4e9785]
Call Stack (depth 1):
  #0  0x3f931fe0 -  in syscall (/home/wuhuang/fuzz/qasan/cramfs-root/lib/arm-linux-gnueabi/libc-2.13.so+0xcdfe0)
[leak]Memory Range: [0x4e98a0 - 0x4e98a2]
Call Stack (depth 1):
  #0  0x3f931fe0 -  in syscall (/home/wuhuang/fuzz/qasan/cramfs-root/lib/arm-linux-gnueabi/libc-2.13.so+0xcdfe0)
[leak]Memory Range: [0x4e99c0 - 0x4e99cc]
Call Stack (depth 1):
  #0  0x3f931fe0 -  in syscall (/home/wuhuang/fuzz/qasan/cramfs-root/lib/arm-linux-gnueabi/libc-2.13.so+0xcdfe0)
[leak]Memory Range: [0x4e9ae8 - 0x4e9b25]
Call Stack (depth 1):
  #0  0x3f931fe0 -  in syscall (/home/wuhuang/fuzz/qasan/cramfs-root/lib/arm-linux-gnueabi/libc-2.13.so+0xcdfe0)
[leak]Memory Range: [0x4e9c40 - 0x4e9c42]
Call Stack (depth 1):
  #0  0x3f931fe0 -  in syscall (/home/wuhuang/fuzz/qasan/cramfs-root/lib/arm-linux-gnueabi/libc-2.13.so+0xcdfe0)
[leak]Memory Range: [0x4e9d60 - 0x4e9d6c]
Call Stack (depth 1):
  #0  0x3f931fe0 -  in syscall (/home/wuhuang/fuzz/qasan/cramfs-root/lib/arm-linux-gnueabi/libc-2.13.so+0xcdfe0)
[leak]Memory Range: [0x4e9e88 - 0x4e9ec5]
Call Stack (depth 1):
  #0  0x3f931fe0 -  in syscall (/home/wuhuang/fuzz/qasan/cramfs-root/lib/arm-linux-gnueabi/libc-2.13.so+0xcdfe0)
[leak]Memory Range: [0x4e9fe0 - 0x4e9fe2]
Call Stack (depth 1):
  #0  0x3f931fe0 -  in syscall (/home/wuhuang/fuzz/qasan/cramfs-root/lib/arm-linux-gnueabi/libc-2.13.so+0xcdfe0)
[leak]Memory Range: [0x4ea100 - 0x4ea10c]
Call Stack (depth 1):
  #0  0x3f931fe0 -  in syscall (/home/wuhuang/fuzz/qasan/cramfs-root/lib/arm-linux-gnueabi/libc-2.13.so+0xcdfe0)
[leak]Memory Range: [0x4ea228 - 0x4ea25b]
Call Stack (depth 1):
  #0  0x3f931fe0 -  in syscall (/home/wuhuang/fuzz/qasan/cramfs-root/lib/arm-linux-gnueabi/libc-2.13.so+0xcdfe0)
[leak]Memory Range: [0x4ea378 - 0x4ea38a]
Call Stack (depth 1):
  #0  0x3f931fe0 -  in syscall (/home/wuhuang/fuzz/qasan/cramfs-root/lib/arm-linux-gnueabi/libc-2.13.so+0xcdfe0)
[leak]Memory Range: [0x4ea4a8 - 0x4ea4b4]
Call Stack (depth 1):
  #0  0x3f931fe0 -  in syscall (/home/wuhuang/fuzz/qasan/cramfs-root/lib/arm-linux-gnueabi/libc-2.13.so+0xcdfe0)
[leak]Memory Range: [0x4ea5d0 - 0x4ea5fe]
Call Stack (depth 1):
  #0  0x3f931fe0 -  in syscall (/home/wuhuang/fuzz/qasan/cramfs-root/lib/arm-linux-gnueabi/libc-2.13.so+0xcdfe0)
[leak]Memory Range: [0x4ea718 - 0x4ea71a]
Call Stack (depth 1):
  #0  0x3f931fe0 -  in syscall (/home/wuhuang/fuzz/qasan/cramfs-root/lib/arm-linux-gnueabi/libc-2.13.so+0xcdfe0)
[leak]Memory Range: [0x4ea838 - 0x4ea844]
Call Stack (depth 1):
  #0  0x3f931fe0 -  in syscall (/home/wuhuang/fuzz/qasan/cramfs-root/lib/arm-linux-gnueabi/libc-2.13.so+0xcdfe0)
[leak]Memory Range: [0x4ea960 - 0x4ea99b]
Call Stack (depth 1):
  #0  0x3f931fe0 -  in syscall (/home/wuhuang/fuzz/qasan/cramfs-root/lib/arm-linux-gnueabi/libc-2.13.so+0xcdfe0)
[leak]Memory Range: [0x4eaab8 - 0x4eaac5]
Call Stack (depth 1):
  #0  0x3f931fe0 -  in syscall (/home/wuhuang/fuzz/qasan/cramfs-root/lib/arm-linux-gnueabi/libc-2.13.so+0xcdfe0)
[leak]Memory Range: [0x4eabe0 - 0x4eabec]
Call Stack (depth 1):
  #0  0x3f931fe0 -  in syscall (/home/wuhuang/fuzz/qasan/cramfs-root/lib/arm-linux-gnueabi/libc-2.13.so+0xcdfe0)
[leak]Memory Range: [0x4ead08 - 0x4ead3f]
Call Stack (depth 1):
  #0  0x3f931fe0 -  in syscall (/home/wuhuang/fuzz/qasan/cramfs-root/lib/arm-linux-gnueabi/libc-2.13.so+0xcdfe0)
[leak]Memory Range: [0x4eae58 - 0x4eae5a]
Call Stack (depth 1):
  #0  0x3f931fe0 -  in syscall (/home/wuhuang/fuzz/qasan/cramfs-root/lib/arm-linux-gnueabi/libc-2.13.so+0xcdfe0)
[leak]Memory Range: [0x4eaf78 - 0x4eaf84]
Call Stack (depth 1):
  #0  0x3f931fe0 -  in syscall (/home/wuhuang/fuzz/qasan/cramfs-root/lib/arm-linux-gnueabi/libc-2.13.so+0xcdfe0)
[leak]Memory Range: [0x4eb0a0 - 0x4eb0e0]
Call Stack (depth 1):
  #0  0x3f931fe0 -  in syscall (/home/wuhuang/fuzz/qasan/cramfs-root/lib/arm-linux-gnueabi/libc-2.13.so+0xcdfe0)
[leak]Memory Range: [0x4eb1f8 - 0x4eb1fa]
Call Stack (depth 1):
  #0  0x3f931fe0 -  in syscall (/home/wuhuang/fuzz/qasan/cramfs-root/lib/arm-linux-gnueabi/libc-2.13.so+0xcdfe0)
[leak]Memory Range: [0x4eb318 - 0x4eb324]
Call Stack (depth 1):
  #0  0x3f931fe0 -  in syscall (/home/wuhuang/fuzz/qasan/cramfs-root/lib/arm-linux-gnueabi/libc-2.13.so+0xcdfe0)
[leak]Memory Range: [0x4eb440 - 0x4eb476]
Call Stack (depth 1):
  #0  0x3f931fe0 -  in syscall (/home/wuhuang/fuzz/qasan/cramfs-root/lib/arm-linux-gnueabi/libc-2.13.so+0xcdfe0)
[leak]Memory Range: [0x4eb590 - 0x4eb592]
Call Stack (depth 1):
  #0  0x3f931fe0 -  in syscall (/home/wuhuang/fuzz/qasan/cramfs-root/lib/arm-linux-gnueabi/libc-2.13.so+0xcdfe0)
[leak]Memory Range: [0x4eb6b0 - 0x4eb6bc]
Call Stack (depth 1):
  #0  0x3f931fe0 -  in syscall (/home/wuhuang/fuzz/qasan/cramfs-root/lib/arm-linux-gnueabi/libc-2.13.so+0xcdfe0)
[leak]Memory Range: [0x4eb7d8 - 0x4eb80c]
Call Stack (depth 1):
  #0  0x3f931fe0 -  in syscall (/home/wuhuang/fuzz/qasan/cramfs-root/lib/arm-linux-gnueabi/libc-2.13.so+0xcdfe0)
[leak]Memory Range: [0x4eb928 - 0x4eb92a]
Call Stack (depth 1):
  #0  0x3f931fe0 -  in syscall (/home/wuhuang/fuzz/qasan/cramfs-root/lib/arm-linux-gnueabi/libc-2.13.so+0xcdfe0)
[leak]Memory Range: [0x4eba48 - 0x4eba54]
Call Stack (depth 1):
  #0  0x3f931fe0 -  in syscall (/home/wuhuang/fuzz/qasan/cramfs-root/lib/arm-linux-gnueabi/libc-2.13.so+0xcdfe0)
[leak]Memory Range: [0x4ebb70 - 0x4ebbac]
Call Stack (depth 1):
  #0  0x3f931fe0 -  in syscall (/home/wuhuang/fuzz/qasan/cramfs-root/lib/arm-linux-gnueabi/libc-2.13.so+0xcdfe0)
[leak]Memory Range: [0x4ebcc8 - 0x4ebcd7]
Call Stack (depth 1):
  #0  0x3f931fe0 -  in syscall (/home/wuhuang/fuzz/qasan/cramfs-root/lib/arm-linux-gnueabi/libc-2.13.so+0xcdfe0)
[leak]Memory Range: [0x4ebdf0 - 0x4ebdfc]
Call Stack (depth 1):
  #0  0x3f931fe0 -  in syscall (/home/wuhuang/fuzz/qasan/cramfs-root/lib/arm-linux-gnueabi/libc-2.13.so+0xcdfe0)
[leak]Memory Range: [0x4ebf18 - 0x4ebf53]
Call Stack (depth 1):
  #0  0x3f931fe0 -  in syscall (/home/wuhuang/fuzz/qasan/cramfs-root/lib/arm-linux-gnueabi/libc-2.13.so+0xcdfe0)
[leak]Memory Range: [0x4ec070 - 0x4ec07b]
Call Stack (depth 1):
  #0  0x3f931fe0 -  in syscall (/home/wuhuang/fuzz/qasan/cramfs-root/lib/arm-linux-gnueabi/libc-2.13.so+0xcdfe0)
[leak]Memory Range: [0x4ec198 - 0x4ec1a4]
Call Stack (depth 1):
  #0  0x3f931fe0 -  in syscall (/home/wuhuang/fuzz/qasan/cramfs-root/lib/arm-linux-gnueabi/libc-2.13.so+0xcdfe0)
[leak]Memory Range: [0x4ec2c0 - 0x4ec2fd]
Call Stack (depth 1):
  #0  0x3f931fe0 -  in syscall (/home/wuhuang/fuzz/qasan/cramfs-root/lib/arm-linux-gnueabi/libc-2.13.so+0xcdfe0)
[leak]Memory Range: [0x4ec418 - 0x4ec425]
Call Stack (depth 1):
  #0  0x3f931fe0 -  in syscall (/home/wuhuang/fuzz/qasan/cramfs-root/lib/arm-linux-gnueabi/libc-2.13.so+0xcdfe0)
[leak]Memory Range: [0x4ec540 - 0x4ec54c]
Call Stack (depth 1):
  #0  0x3f931fe0 -  in syscall (/home/wuhuang/fuzz/qasan/cramfs-root/lib/arm-linux-gnueabi/libc-2.13.so+0xcdfe0)
[leak]Memory Range: [0x4ec668 - 0x4ec6a7]
Call Stack (depth 1):
  #0  0x3f931fe0 -  in syscall (/home/wuhuang/fuzz/qasan/cramfs-root/lib/arm-linux-gnueabi/libc-2.13.so+0xcdfe0)
[leak]Memory Range: [0x4ec7c0 - 0x4ec7cf]
Call Stack (depth 1):
  #0  0x3f931fe0 -  in syscall (/home/wuhuang/fuzz/qasan/cramfs-root/lib/arm-linux-gnueabi/libc-2.13.so+0xcdfe0)
[leak]Memory Range: [0x4ec8e8 - 0x4ec8ea]
Call Stack (depth 1):
  #0  0x3f931fe0 -  in syscall (/home/wuhuang/fuzz/qasan/cramfs-root/lib/arm-linux-gnueabi/libc-2.13.so+0xcdfe0)
[leak]Memory Range: [0x4ecc88 - 0x4ecc94]
Call Stack (depth 1):
  #0  0x3f931fe0 -  in syscall (/home/wuhuang/fuzz/qasan/cramfs-root/lib/arm-linux-gnueabi/libc-2.13.so+0xcdfe0)
[leak]Memory Range: [0x4ecdb0 - 0x4f4db0]
Call Stack (depth 1):
  #0  0x3f931fe0 -  in syscall (/home/wuhuang/fuzz/qasan/cramfs-root/lib/arm-linux-gnueabi/libc-2.13.so+0xcdfe0)
[leak]Memory Range: [0x4f4ec8 - 0x4f4ed0]
Call Stack (depth 1):
  #0  0x3f931fe0 -  in syscall (/home/wuhuang/fuzz/qasan/cramfs-root/lib/arm-linux-gnueabi/libc-2.13.so+0xcdfe0)
[leak]Memory Range: [0x4f4fe8 - 0x4f4fee]
Call Stack (depth 1):
  #0  0x3f931fe0 -  in syscall (/home/wuhuang/fuzz/qasan/cramfs-root/lib/arm-linux-gnueabi/libc-2.13.so+0xcdfe0)
[leak]Memory Range: [0x4f5108 - 0x4f5114]
Call Stack (depth 1):
  #0  0x3f931fe0 -  in syscall (/home/wuhuang/fuzz/qasan/cramfs-root/lib/arm-linux-gnueabi/libc-2.13.so+0xcdfe0)
[leak]Memory Range: [0x4f5230 - 0x4f525c]
Call Stack (depth 1):
  #0  0x3f931fe0 -  in syscall (/home/wuhuang/fuzz/qasan/cramfs-root/lib/arm-linux-gnueabi/libc-2.13.so+0xcdfe0)
[leak]Memory Range: [0x4f5378 - 0x4f5382]
Call Stack (depth 1):
  #0  0x3f931fe0 -  in syscall (/home/wuhuang/fuzz/qasan/cramfs-root/lib/arm-linux-gnueabi/libc-2.13.so+0xcdfe0)
[leak]Memory Range: [0x4f54a0 - 0x4f54ac]
Call Stack (depth 1):
  #0  0x3f931fe0 -  in syscall (/home/wuhuang/fuzz/qasan/cramfs-root/lib/arm-linux-gnueabi/libc-2.13.so+0xcdfe0)
[leak]Memory Range: [0x4f55c8 - 0x4f55f0]
Call Stack (depth 1):
  #0  0x3f931fe0 -  in syscall (/home/wuhuang/fuzz/qasan/cramfs-root/lib/arm-linux-gnueabi/libc-2.13.so+0xcdfe0)
[leak]Memory Range: [0x4f5708 - 0x4f570c]
Call Stack (depth 1):
  #0  0x3f931fe0 -  in syscall (/home/wuhuang/fuzz/qasan/cramfs-root/lib/arm-linux-gnueabi/libc-2.13.so+0xcdfe0)
[leak]Memory Range: [0x4f5828 - 0x4f5834]
Call Stack (depth 1):
  #0  0x3f931fe0 -  in syscall (/home/wuhuang/fuzz/qasan/cramfs-root/lib/arm-linux-gnueabi/libc-2.13.so+0xcdfe0)
[leak]Memory Range: [0x4f5950 - 0x4f5983]
Call Stack (depth 1):
  #0  0x3f931fe0 -  in syscall (/home/wuhuang/fuzz/qasan/cramfs-root/lib/arm-linux-gnueabi/libc-2.13.so+0xcdfe0)
[leak]Memory Range: [0x4f5aa0 - 0x4f5aa6]
Call Stack (depth 1):
  #0  0x3f931fe0 -  in syscall (/home/wuhuang/fuzz/qasan/cramfs-root/lib/arm-linux-gnueabi/libc-2.13.so+0xcdfe0)
[leak]Memory Range: [0x4f5bc0 - 0x4f5bcc]
Call Stack (depth 1):
  #0  0x3f931fe0 -  in syscall (/home/wuhuang/fuzz/qasan/cramfs-root/lib/arm-linux-gnueabi/libc-2.13.so+0xcdfe0)
[leak]Memory Range: [0x4f5ce8 - 0x4f5d12]
Call Stack (depth 1):
  #0  0x3f931fe0 -  in syscall (/home/wuhuang/fuzz/qasan/cramfs-root/lib/arm-linux-gnueabi/libc-2.13.so+0xcdfe0)
[leak]Memory Range: [0x4f5e30 - 0x4f5e34]
Call Stack (depth 1):
  #0  0x3f931fe0 -  in syscall (/home/wuhuang/fuzz/qasan/cramfs-root/lib/arm-linux-gnueabi/libc-2.13.so+0xcdfe0)
[leak]Memory Range: [0x4f5f50 - 0x4f5f5c]
Call Stack (depth 1):
  #0  0x3f931fe0 -  in syscall (/home/wuhuang/fuzz/qasan/cramfs-root/lib/arm-linux-gnueabi/libc-2.13.so+0xcdfe0)
[leak]Memory Range: [0x4f6078 - 0x4f60a5]
Call Stack (depth 1):
  #0  0x3f931fe0 -  in syscall (/home/wuhuang/fuzz/qasan/cramfs-root/lib/arm-linux-gnueabi/libc-2.13.so+0xcdfe0)
[leak]Memory Range: [0x4f61c0 - 0x4f61cb]
Call Stack (depth 1):
  #0  0x3f931fe0 -  in syscall (/home/wuhuang/fuzz/qasan/cramfs-root/lib/arm-linux-gnueabi/libc-2.13.so+0xcdfe0)
[leak]Memory Range: [0x4f62e8 - 0x4f62f4]
Call Stack (depth 1):
  #0  0x3f931fe0 -  in syscall (/home/wuhuang/fuzz/qasan/cramfs-root/lib/arm-linux-gnueabi/libc-2.13.so+0xcdfe0)
[leak]Memory Range: [0x4f6410 - 0x4f6441]
Call Stack (depth 1):
  #0  0x3f931fe0 -  in syscall (/home/wuhuang/fuzz/qasan/cramfs-root/lib/arm-linux-gnueabi/libc-2.13.so+0xcdfe0)
[leak]Memory Range: [0x4f6560 - 0x4f6565]
Call Stack (depth 1):
  #0  0x3f931fe0 -  in syscall (/home/wuhuang/fuzz/qasan/cramfs-root/lib/arm-linux-gnueabi/libc-2.13.so+0xcdfe0)
[leak]Memory Range: [0x4f6680 - 0x4f668c]
Call Stack (depth 1):
  #0  0x3f931fe0 -  in syscall (/home/wuhuang/fuzz/qasan/cramfs-root/lib/arm-linux-gnueabi/libc-2.13.so+0xcdfe0)
[leak]Memory Range: [0x4f67a8 - 0x4f67df]
Call Stack (depth 1):
  #0  0x3f931fe0 -  in syscall (/home/wuhuang/fuzz/qasan/cramfs-root/lib/arm-linux-gnueabi/libc-2.13.so+0xcdfe0)
[leak]Memory Range: [0x4f68f8 - 0x4f68fc]
Call Stack (depth 1):
  #0  0x3f931fe0 -  in syscall (/home/wuhuang/fuzz/qasan/cramfs-root/lib/arm-linux-gnueabi/libc-2.13.so+0xcdfe0)
[leak]Memory Range: [0x4f6a18 - 0x4f6a24]
Call Stack (depth 1):
  #0  0x3f931fe0 -  in syscall (/home/wuhuang/fuzz/qasan/cramfs-root/lib/arm-linux-gnueabi/libc-2.13.so+0xcdfe0)
[leak]Memory Range: [0x4f6b40 - 0x4f6b76]
Call Stack (depth 1):
  #0  0x3f931fe0 -  in syscall (/home/wuhuang/fuzz/qasan/cramfs-root/lib/arm-linux-gnueabi/libc-2.13.so+0xcdfe0)
[leak]Memory Range: [0x4f6c90 - 0x4f6c95]
Call Stack (depth 1):
  #0  0x3f931fe0 -  in syscall (/home/wuhuang/fuzz/qasan/cramfs-root/lib/arm-linux-gnueabi/libc-2.13.so+0xcdfe0)
[leak]Memory Range: [0x4f6db0 - 0x4f6dbc]
Call Stack (depth 1):
  #0  0x3f931fe0 -  in syscall (/home/wuhuang/fuzz/qasan/cramfs-root/lib/arm-linux-gnueabi/libc-2.13.so+0xcdfe0)
[leak]Memory Range: [0x4f6ed8 - 0x4f6f09]
Call Stack (depth 1):
  #0  0x3f931fe0 -  in syscall (/home/wuhuang/fuzz/qasan/cramfs-root/lib/arm-linux-gnueabi/libc-2.13.so+0xcdfe0)
[leak]Memory Range: [0x4f7028 - 0x4f702c]
Call Stack (depth 1):
  #0  0x3f931fe0 -  in syscall (/home/wuhuang/fuzz/qasan/cramfs-root/lib/arm-linux-gnueabi/libc-2.13.so+0xcdfe0)
[leak]Memory Range: [0x4f7148 - 0x4f7154]
Call Stack (depth 1):
  #0  0x3f931fe0 -  in syscall (/home/wuhuang/fuzz/qasan/cramfs-root/lib/arm-linux-gnueabi/libc-2.13.so+0xcdfe0)
[leak]Memory Range: [0x4f7270 - 0x4f729b]
Call Stack (depth 1):
  #0  0x3f931fe0 -  in syscall (/home/wuhuang/fuzz/qasan/cramfs-root/lib/arm-linux-gnueabi/libc-2.13.so+0xcdfe0)
[leak]Memory Range: [0x4f73b8 - 0x4f73c2]
Call Stack (depth 1):
  #0  0x3f931fe0 -  in syscall (/home/wuhuang/fuzz/qasan/cramfs-root/lib/arm-linux-gnueabi/libc-2.13.so+0xcdfe0)
[leak]Memory Range: [0x4f74e0 - 0x4f74ec]
Call Stack (depth 1):
  #0  0x3f931fe0 -  in syscall (/home/wuhuang/fuzz/qasan/cramfs-root/lib/arm-linux-gnueabi/libc-2.13.so+0xcdfe0)
[leak]Memory Range: [0x4f7608 - 0x4f7634]
Call Stack (depth 1):
  #0  0x3f931fe0 -  in syscall (/home/wuhuang/fuzz/qasan/cramfs-root/lib/arm-linux-gnueabi/libc-2.13.so+0xcdfe0)
[leak]Memory Range: [0x4f7750 - 0x4f7754]
Call Stack (depth 1):
  #0  0x3f931fe0 -  in syscall (/home/wuhuang/fuzz/qasan/cramfs-root/lib/arm-linux-gnueabi/libc-2.13.so+0xcdfe0)
[leak]Memory Range: [0x4f7870 - 0x4f787c]
Call Stack (depth 1):
  #0  0x3f931fe0 -  in syscall (/home/wuhuang/fuzz/qasan/cramfs-root/lib/arm-linux-gnueabi/libc-2.13.so+0xcdfe0)
[leak]Memory Range: [0x4f7998 - 0x4f79cd]
Call Stack (depth 1):
  #0  0x3f931fe0 -  in syscall (/home/wuhuang/fuzz/qasan/cramfs-root/lib/arm-linux-gnueabi/libc-2.13.so+0xcdfe0)
[leak]Memory Range: [0x4f7ae8 - 0x4f7aed]
Call Stack (depth 1):
  #0  0x3f931fe0 -  in syscall (/home/wuhuang/fuzz/qasan/cramfs-root/lib/arm-linux-gnueabi/libc-2.13.so+0xcdfe0)
[leak]Memory Range: [0x4f7c08 - 0x4f7c14]
Call Stack (depth 1):
  #0  0x3f931fe0 -  in syscall (/home/wuhuang/fuzz/qasan/cramfs-root/lib/arm-linux-gnueabi/libc-2.13.so+0xcdfe0)
[leak]Memory Range: [0x4f7d30 - 0x4f7d60]
Call Stack (depth 1):
  #0  0x3f931fe0 -  in syscall (/home/wuhuang/fuzz/qasan/cramfs-root/lib/arm-linux-gnueabi/libc-2.13.so+0xcdfe0)
[leak]Memory Range: [0x4f7e78 - 0x4f7e82]
Call Stack (depth 1):
  #0  0x3f931fe0 -  in syscall (/home/wuhuang/fuzz/qasan/cramfs-root/lib/arm-linux-gnueabi/libc-2.13.so+0xcdfe0)
[leak]Memory Range: [0x4f7fa0 - 0x4f7fac]
Call Stack (depth 1):
  #0  0x3f931fe0 -  in syscall (/home/wuhuang/fuzz/qasan/cramfs-root/lib/arm-linux-gnueabi/libc-2.13.so+0xcdfe0)
[leak]Memory Range: [0x4f80c8 - 0x4f80f4]
Call Stack (depth 1):
  #0  0x3f931fe0 -  in syscall (/home/wuhuang/fuzz/qasan/cramfs-root/lib/arm-linux-gnueabi/libc-2.13.so+0xcdfe0)
[leak]Memory Range: [0x4f8210 - 0x4f8216]
Call Stack (depth 1):
  #0  0x3f931fe0 -  in syscall (/home/wuhuang/fuzz/qasan/cramfs-root/lib/arm-linux-gnueabi/libc-2.13.so+0xcdfe0)
[leak]Memory Range: [0x4f8330 - 0x4f833c]
Call Stack (depth 1):
  #0  0x3f931fe0 -  in syscall (/home/wuhuang/fuzz/qasan/cramfs-root/lib/arm-linux-gnueabi/libc-2.13.so+0xcdfe0)
[leak]Memory Range: [0x4f8458 - 0x4f8489]
Call Stack (depth 1):
  #0  0x3f931fe0 -  in syscall (/home/wuhuang/fuzz/qasan/cramfs-root/lib/arm-linux-gnueabi/libc-2.13.so+0xcdfe0)
[leak]Memory Range: [0x4f85a8 - 0x4f85b3]
Call Stack (depth 1):
  #0  0x3f931fe0 -  in syscall (/home/wuhuang/fuzz/qasan/cramfs-root/lib/arm-linux-gnueabi/libc-2.13.so+0xcdfe0)
[leak]Memory Range: [0x4f86d0 - 0x4f86dc]
Call Stack (depth 1):
  #0  0x3f931fe0 -  in syscall (/home/wuhuang/fuzz/qasan/cramfs-root/lib/arm-linux-gnueabi/libc-2.13.so+0xcdfe0)
[leak]Memory Range: [0x4f87f8 - 0x4f882b]
Call Stack (depth 1):
  #0  0x3f931fe0 -  in syscall (/home/wuhuang/fuzz/qasan/cramfs-root/lib/arm-linux-gnueabi/libc-2.13.so+0xcdfe0)
[leak]Memory Range: [0x4f8948 - 0x4f8950]
Call Stack (depth 1):
  #0  0x3f931fe0 -  in syscall (/home/wuhuang/fuzz/qasan/cramfs-root/lib/arm-linux-gnueabi/libc-2.13.so+0xcdfe0)
[leak]Memory Range: [0x4f8a68 - 0x4f8a74]
Call Stack (depth 1):
  #0  0x3f931fe0 -  in syscall (/home/wuhuang/fuzz/qasan/cramfs-root/lib/arm-linux-gnueabi/libc-2.13.so+0xcdfe0)
[leak]Memory Range: [0x4f8b90 - 0x4f8bc1]
Call Stack (depth 1):
  #0  0x3f931fe0 -  in syscall (/home/wuhuang/fuzz/qasan/cramfs-root/lib/arm-linux-gnueabi/libc-2.13.so+0xcdfe0)
[leak]Memory Range: [0x4f8ce0 - 0x4f8ce4]
Call Stack (depth 1):
  #0  0x3f931fe0 -  in syscall (/home/wuhuang/fuzz/qasan/cramfs-root/lib/arm-linux-gnueabi/libc-2.13.so+0xcdfe0)
[leak]Memory Range: [0x4f8e00 - 0x4f8e0c]
Call Stack (depth 1):
  #0  0x3f931fe0 -  in syscall (/home/wuhuang/fuzz/qasan/cramfs-root/lib/arm-linux-gnueabi/libc-2.13.so+0xcdfe0)
[leak]Memory Range: [0x4f8f28 - 0x4f8f5a]
Call Stack (depth 1):
  #0  0x3f931fe0 -  in syscall (/home/wuhuang/fuzz/qasan/cramfs-root/lib/arm-linux-gnueabi/libc-2.13.so+0xcdfe0)
[leak]Memory Range: [0x4f9078 - 0x4f907c]
Call Stack (depth 1):
  #0  0x3f931fe0 -  in syscall (/home/wuhuang/fuzz/qasan/cramfs-root/lib/arm-linux-gnueabi/libc-2.13.so+0xcdfe0)
[leak]Memory Range: [0x4f9198 - 0x4f91a4]
Call Stack (depth 1):
  #0  0x3f931fe0 -  in syscall (/home/wuhuang/fuzz/qasan/cramfs-root/lib/arm-linux-gnueabi/libc-2.13.so+0xcdfe0)
[leak]Memory Range: [0x4f92c0 - 0x4f92fa]
Call Stack (depth 1):
  #0  0x3f931fe0 -  in syscall (/home/wuhuang/fuzz/qasan/cramfs-root/lib/arm-linux-gnueabi/libc-2.13.so+0xcdfe0)
[leak]Memory Range: [0x4f9418 - 0x4f941d]
Call Stack (depth 1):
  #0  0x3f931fe0 -  in syscall (/home/wuhuang/fuzz/qasan/cramfs-root/lib/arm-linux-gnueabi/libc-2.13.so+0xcdfe0)
[leak]Memory Range: [0x4f9538 - 0x4f9544]
Call Stack (depth 1):
  #0  0x3f931fe0 -  in syscall (/home/wuhuang/fuzz/qasan/cramfs-root/lib/arm-linux-gnueabi/libc-2.13.so+0xcdfe0)
[leak]Memory Range: [0x4f9660 - 0x4f968e]
Call Stack (depth 1):
  #0  0x3f931fe0 -  in syscall (/home/wuhuang/fuzz/qasan/cramfs-root/lib/arm-linux-gnueabi/libc-2.13.so+0xcdfe0)
[leak]Memory Range: [0x4f97a8 - 0x4f97ad]
Call Stack (depth 1):
  #0  0x3f931fe0 -  in syscall (/home/wuhuang/fuzz/qasan/cramfs-root/lib/arm-linux-gnueabi/libc-2.13.so+0xcdfe0)
[leak]Memory Range: [0x4f98c8 - 0x4f98d4]
Call Stack (depth 1):
  #0  0x3f931fe0 -  in syscall (/home/wuhuang/fuzz/qasan/cramfs-root/lib/arm-linux-gnueabi/libc-2.13.so+0xcdfe0)
[leak]Memory Range: [0x4f99f0 - 0x4f9a1c]
Call Stack (depth 1):
  #0  0x3f931fe0 -  in syscall (/home/wuhuang/fuzz/qasan/cramfs-root/lib/arm-linux-gnueabi/libc-2.13.so+0xcdfe0)
[leak]Memory Range: [0x4f9b38 - 0x4f9b3c]
Call Stack (depth 1):
  #0  0x3f931fe0 -  in syscall (/home/wuhuang/fuzz/qasan/cramfs-root/lib/arm-linux-gnueabi/libc-2.13.so+0xcdfe0)
[leak]Memory Range: [0x4f9c58 - 0x4f9c64]
Call Stack (depth 1):
  #0  0x3f931fe0 -  in syscall (/home/wuhuang/fuzz/qasan/cramfs-root/lib/arm-linux-gnueabi/libc-2.13.so+0xcdfe0)
[leak]Memory Range: [0x4f9d80 - 0x4f9db0]
Call Stack (depth 1):
  #0  0x3f931fe0 -  in syscall (/home/wuhuang/fuzz/qasan/cramfs-root/lib/arm-linux-gnueabi/libc-2.13.so+0xcdfe0)
[leak]Memory Range: [0x4f9ec8 - 0x4f9ed3]
Call Stack (depth 1):
  #0  0x3f931fe0 -  in syscall (/home/wuhuang/fuzz/qasan/cramfs-root/lib/arm-linux-gnueabi/libc-2.13.so+0xcdfe0)
[leak]Memory Range: [0x4f9ff0 - 0x4f9ffc]
Call Stack (depth 1):
  #0  0x3f931fe0 -  in syscall (/home/wuhuang/fuzz/qasan/cramfs-root/lib/arm-linux-gnueabi/libc-2.13.so+0xcdfe0)
[leak]Memory Range: [0x4fa118 - 0x4fa13b]
Call Stack (depth 1):
  #0  0x3f931fe0 -  in syscall (/home/wuhuang/fuzz/qasan/cramfs-root/lib/arm-linux-gnueabi/libc-2.13.so+0xcdfe0)
[leak]Memory Range: [0x4fa258 - 0x4fa25c]
Call Stack (depth 1):
  #0  0x3f931fe0 -  in syscall (/home/wuhuang/fuzz/qasan/cramfs-root/lib/arm-linux-gnueabi/libc-2.13.so+0xcdfe0)
[leak]Memory Range: [0x4fa378 - 0x4fa384]
Call Stack (depth 1):
  #0  0x3f931fe0 -  in syscall (/home/wuhuang/fuzz/qasan/cramfs-root/lib/arm-linux-gnueabi/libc-2.13.so+0xcdfe0)
[leak]Memory Range: [0x4fa4a0 - 0x4fa4d0]
Call Stack (depth 1):
  #0  0x3f931fe0 -  in syscall (/home/wuhuang/fuzz/qasan/cramfs-root/lib/arm-linux-gnueabi/libc-2.13.so+0xcdfe0)
[leak]Memory Range: [0x4fa5e8 - 0x4fa5ef]
Call Stack (depth 1):
  #0  0x3f931fe0 -  in syscall (/home/wuhuang/fuzz/qasan/cramfs-root/lib/arm-linux-gnueabi/libc-2.13.so+0xcdfe0)
[leak]Memory Range: [0x4fa708 - 0x4fa714]
Call Stack (depth 1):
  #0  0x3f931fe0 -  in syscall (/home/wuhuang/fuzz/qasan/cramfs-root/lib/arm-linux-gnueabi/libc-2.13.so+0xcdfe0)
[leak]Memory Range: [0x4fa830 - 0x4fa866]
Call Stack (depth 1):
  #0  0x3f931fe0 -  in syscall (/home/wuhuang/fuzz/qasan/cramfs-root/lib/arm-linux-gnueabi/libc-2.13.so+0xcdfe0)
[leak]Memory Range: [0x4fa980 - 0x4fa984]
Call Stack (depth 1):
  #0  0x3f931fe0 -  in syscall (/home/wuhuang/fuzz/qasan/cramfs-root/lib/arm-linux-gnueabi/libc-2.13.so+0xcdfe0)
[leak]Memory Range: [0x4faaa0 - 0x4faaac]
Call Stack (depth 1):
  #0  0x3f931fe0 -  in syscall (/home/wuhuang/fuzz/qasan/cramfs-root/lib/arm-linux-gnueabi/libc-2.13.so+0xcdfe0)
[leak]Memory Range: [0x4fabc8 - 0x4fac00]
Call Stack (depth 1):
  #0  0x3f931fe0 -  in syscall (/home/wuhuang/fuzz/qasan/cramfs-root/lib/arm-linux-gnueabi/libc-2.13.so+0xcdfe0)
[leak]Memory Range: [0x4fad18 - 0x4fad1c]
Call Stack (depth 1):
  #0  0x3f931fe0 -  in syscall (/home/wuhuang/fuzz/qasan/cramfs-root/lib/arm-linux-gnueabi/libc-2.13.so+0xcdfe0)
[leak]Memory Range: [0x4fae38 - 0x4fae44]
Call Stack (depth 1):
  #0  0x3f931fe0 -  in syscall (/home/wuhuang/fuzz/qasan/cramfs-root/lib/arm-linux-gnueabi/libc-2.13.so+0xcdfe0)
[leak]Memory Range: [0x4faf60 - 0x4faf88]
Call Stack (depth 1):
  #0  0x3f931fe0 -  in syscall (/home/wuhuang/fuzz/qasan/cramfs-root/lib/arm-linux-gnueabi/libc-2.13.so+0xcdfe0)
[leak]Memory Range: [0x4fb0a0 - 0x4fb0a8]
Call Stack (depth 1):
  #0  0x3f931fe0 -  in syscall (/home/wuhuang/fuzz/qasan/cramfs-root/lib/arm-linux-gnueabi/libc-2.13.so+0xcdfe0)
[leak]Memory Range: [0x4fb1c0 - 0x4fb1cc]
Call Stack (depth 1):
  #0  0x3f931fe0 -  in syscall (/home/wuhuang/fuzz/qasan/cramfs-root/lib/arm-linux-gnueabi/libc-2.13.so+0xcdfe0)
[leak]Memory Range: [0x4fb2e8 - 0x4fb315]
Call Stack (depth 1):
  #0  0x3f931fe0 -  in syscall (/home/wuhuang/fuzz/qasan/cramfs-root/lib/arm-linux-gnueabi/libc-2.13.so+0xcdfe0)
[leak]Memory Range: [0x4fb430 - 0x4fb434]
Call Stack (depth 1):
  #0  0x3f931fe0 -  in syscall (/home/wuhuang/fuzz/qasan/cramfs-root/lib/arm-linux-gnueabi/libc-2.13.so+0xcdfe0)
[leak]Memory Range: [0x4fb550 - 0x4fb55c]
Call Stack (depth 1):
  #0  0x3f931fe0 -  in syscall (/home/wuhuang/fuzz/qasan/cramfs-root/lib/arm-linux-gnueabi/libc-2.13.so+0xcdfe0)
[leak]Memory Range: [0x4fb678 - 0x4fb69d]
Call Stack (depth 1):
  #0  0x3f931fe0 -  in syscall (/home/wuhuang/fuzz/qasan/cramfs-root/lib/arm-linux-gnueabi/libc-2.13.so+0xcdfe0)
[leak]Memory Range: [0x4fb7b8 - 0x4fb7bc]
Call Stack (depth 1):
  #0  0x3f931fe0 -  in syscall (/home/wuhuang/fuzz/qasan/cramfs-root/lib/arm-linux-gnueabi/libc-2.13.so+0xcdfe0)
[leak]Memory Range: [0x4fb8d8 - 0x4fb8e4]
Call Stack (depth 1):
  #0  0x3f931fe0 -  in syscall (/home/wuhuang/fuzz/qasan/cramfs-root/lib/arm-linux-gnueabi/libc-2.13.so+0xcdfe0)
[leak]Memory Range: [0x4fba00 - 0x4fba2c]
Call Stack (depth 1):
  #0  0x3f931fe0 -  in syscall (/home/wuhuang/fuzz/qasan/cramfs-root/lib/arm-linux-gnueabi/libc-2.13.so+0xcdfe0)
[leak]Memory Range: [0x4fbb48 - 0x4fbb4c]
Call Stack (depth 1):
  #0  0x3f931fe0 -  in syscall (/home/wuhuang/fuzz/qasan/cramfs-root/lib/arm-linux-gnueabi/libc-2.13.so+0xcdfe0)
[leak]Memory Range: [0x4fbc68 - 0x4fbc74]
Call Stack (depth 1):
  #0  0x3f931fe0 -  in syscall (/home/wuhuang/fuzz/qasan/cramfs-root/lib/arm-linux-gnueabi/libc-2.13.so+0xcdfe0)
[leak]Memory Range: [0x4fbd90 - 0x4fbdc8]
Call Stack (depth 1):
  #0  0x3f931fe0 -  in syscall (/home/wuhuang/fuzz/qasan/cramfs-root/lib/arm-linux-gnueabi/libc-2.13.so+0xcdfe0)
[leak]Memory Range: [0x4fbee0 - 0x4fbee4]
Call Stack (depth 1):
  #0  0x3f931fe0 -  in syscall (/home/wuhuang/fuzz/qasan/cramfs-root/lib/arm-linux-gnueabi/libc-2.13.so+0xcdfe0)
[leak]Memory Range: [0x4fc000 - 0x4fc00c]
Call Stack (depth 1):
  #0  0x3f931fe0 -  in syscall (/home/wuhuang/fuzz/qasan/cramfs-root/lib/arm-linux-gnueabi/libc-2.13.so+0xcdfe0)
[leak]Memory Range: [0x4fc128 - 0x4fc156]
Call Stack (depth 1):
  #0  0x3f931fe0 -  in syscall (/home/wuhuang/fuzz/qasan/cramfs-root/lib/arm-linux-gnueabi/libc-2.13.so+0xcdfe0)
[leak]Memory Range: [0x4fc270 - 0x4fc274]
Call Stack (depth 1):
  #0  0x3f931fe0 -  in syscall (/home/wuhuang/fuzz/qasan/cramfs-root/lib/arm-linux-gnueabi/libc-2.13.so+0xcdfe0)
[leak]Memory Range: [0x4fc390 - 0x4fc39c]
Call Stack (depth 1):
  #0  0x3f931fe0 -  in syscall (/home/wuhuang/fuzz/qasan/cramfs-root/lib/arm-linux-gnueabi/libc-2.13.so+0xcdfe0)
[leak]Memory Range: [0x4fc4b8 - 0x4fc4e7]
Call Stack (depth 1):
  #0  0x3f931fe0 -  in syscall (/home/wuhuang/fuzz/qasan/cramfs-root/lib/arm-linux-gnueabi/libc-2.13.so+0xcdfe0)
[leak]Memory Range: [0x4fc600 - 0x4fc608]
Call Stack (depth 1):
  #0  0x3f931fe0 -  in syscall (/home/wuhuang/fuzz/qasan/cramfs-root/lib/arm-linux-gnueabi/libc-2.13.so+0xcdfe0)
[leak]Memory Range: [0x4fc720 - 0x4fc72c]
Call Stack (depth 1):
  #0  0x3f931fe0 -  in syscall (/home/wuhuang/fuzz/qasan/cramfs-root/lib/arm-linux-gnueabi/libc-2.13.so+0xcdfe0)
[leak]Memory Range: [0x4fc848 - 0x4fc875]
Call Stack (depth 1):
  #0  0x3f931fe0 -  in syscall (/home/wuhuang/fuzz/qasan/cramfs-root/lib/arm-linux-gnueabi/libc-2.13.so+0xcdfe0)
[leak]Memory Range: [0x4fc990 - 0x4fc994]
Call Stack (depth 1):
  #0  0x3f931fe0 -  in syscall (/home/wuhuang/fuzz/qasan/cramfs-root/lib/arm-linux-gnueabi/libc-2.13.so+0xcdfe0)
[leak]Memory Range: [0x4fcab0 - 0x4fcabc]
Call Stack (depth 1):
  #0  0x3f931fe0 -  in syscall (/home/wuhuang/fuzz/qasan/cramfs-root/lib/arm-linux-gnueabi/libc-2.13.so+0xcdfe0)
[leak]Memory Range: [0x4fcbd8 - 0x4fcbff]
Call Stack (depth 1):
  #0  0x3f931fe0 -  in syscall (/home/wuhuang/fuzz/qasan/cramfs-root/lib/arm-linux-gnueabi/libc-2.13.so+0xcdfe0)
[leak]Memory Range: [0x4fcd18 - 0x4fcd1c]
Call Stack (depth 1):
  #0  0x3f931fe0 -  in syscall (/home/wuhuang/fuzz/qasan/cramfs-root/lib/arm-linux-gnueabi/libc-2.13.so+0xcdfe0)
[leak]Memory Range: [0x4fce38 - 0x4fce44]
Call Stack (depth 1):
  #0  0x3f931fe0 -  in syscall (/home/wuhuang/fuzz/qasan/cramfs-root/lib/arm-linux-gnueabi/libc-2.13.so+0xcdfe0)
[leak]Memory Range: [0x4fcf60 - 0x4fcf8a]
Call Stack (depth 1):
  #0  0x3f931fe0 -  in syscall (/home/wuhuang/fuzz/qasan/cramfs-root/lib/arm-linux-gnueabi/libc-2.13.so+0xcdfe0)
[leak]Memory Range: [0x4fd0a8 - 0x4fd0ac]
Call Stack (depth 1):
  #0  0x3f931fe0 -  in syscall (/home/wuhuang/fuzz/qasan/cramfs-root/lib/arm-linux-gnueabi/libc-2.13.so+0xcdfe0)
[leak]Memory Range: [0x4fd1c8 - 0x4fd1d4]
Call Stack (depth 1):
  #0  0x3f931fe0 -  in syscall (/home/wuhuang/fuzz/qasan/cramfs-root/lib/arm-linux-gnueabi/libc-2.13.so+0xcdfe0)
[leak]Memory Range: [0x4fd2f0 - 0x4fd31e]
Call Stack (depth 1):
  #0  0x3f931fe0 -  in syscall (/home/wuhuang/fuzz/qasan/cramfs-root/lib/arm-linux-gnueabi/libc-2.13.so+0xcdfe0)
[leak]Memory Range: [0x4fd438 - 0x4fd450]
Call Stack (depth 1):
  #0  0x3f931fe0 -  in syscall (/home/wuhuang/fuzz/qasan/cramfs-root/lib/arm-linux-gnueabi/libc-2.13.so+0xcdfe0)
[leak]Memory Range: [0x4fd568 - 0x4fd574]
Call Stack (depth 1):
  #0  0x3f931fe0 -  in syscall (/home/wuhuang/fuzz/qasan/cramfs-root/lib/arm-linux-gnueabi/libc-2.13.so+0xcdfe0)
[leak]Memory Range: [0x4fd690 - 0x4fd6c0]
Call Stack (depth 1):
  #0  0x3f931fe0 -  in syscall (/home/wuhuang/fuzz/qasan/cramfs-root/lib/arm-linux-gnueabi/libc-2.13.so+0xcdfe0)
[leak]Memory Range: [0x4fd7d8 - 0x4fd7dc]
Call Stack (depth 1):
  #0  0x3f931fe0 -  in syscall (/home/wuhuang/fuzz/qasan/cramfs-root/lib/arm-linux-gnueabi/libc-2.13.so+0xcdfe0)
[leak]Memory Range: [0x4fd8f8 - 0x4fd904]
Call Stack (depth 1):
  #0  0x3f931fe0 -  in syscall (/home/wuhuang/fuzz/qasan/cramfs-root/lib/arm-linux-gnueabi/libc-2.13.so+0xcdfe0)
[leak]Memory Range: [0x4fda20 - 0x4fda50]
Call Stack (depth 1):
  #0  0x3f931fe0 -  in syscall (/home/wuhuang/fuzz/qasan/cramfs-root/lib/arm-linux-gnueabi/libc-2.13.so+0xcdfe0)
[leak]Memory Range: [0x4fdb68 - 0x4fdb6d]
Call Stack (depth 1):
  #0  0x3f931fe0 -  in syscall (/home/wuhuang/fuzz/qasan/cramfs-root/lib/arm-linux-gnueabi/libc-2.13.so+0xcdfe0)
[leak]Memory Range: [0x4fdc88 - 0x4fdc94]
Call Stack (depth 1):
  #0  0x3f931fe0 -  in syscall (/home/wuhuang/fuzz/qasan/cramfs-root/lib/arm-linux-gnueabi/libc-2.13.so+0xcdfe0)
[leak]Memory Range: [0x4fddb0 - 0x4fdde0]
Call Stack (depth 1):
  #0  0x3f931fe0 -  in syscall (/home/wuhuang/fuzz/qasan/cramfs-root/lib/arm-linux-gnueabi/libc-2.13.so+0xcdfe0)
[leak]Memory Range: [0x4fdef8 - 0x4fdefc]
Call Stack (depth 1):
  #0  0x3f931fe0 -  in syscall (/home/wuhuang/fuzz/qasan/cramfs-root/lib/arm-linux-gnueabi/libc-2.13.so+0xcdfe0)
[leak]Memory Range: [0x4fe018 - 0x4fe024]
Call Stack (depth 1):
  #0  0x3f931fe0 -  in syscall (/home/wuhuang/fuzz/qasan/cramfs-root/lib/arm-linux-gnueabi/libc-2.13.so+0xcdfe0)
[leak]Memory Range: [0x4fe140 - 0x4fe16e]
Call Stack (depth 1):
  #0  0x3f931fe0 -  in syscall (/home/wuhuang/fuzz/qasan/cramfs-root/lib/arm-linux-gnueabi/libc-2.13.so+0xcdfe0)
[leak]Memory Range: [0x4fe288 - 0x4fe294]
Call Stack (depth 1):
  #0  0x3f931fe0 -  in syscall (/home/wuhuang/fuzz/qasan/cramfs-root/lib/arm-linux-gnueabi/libc-2.13.so+0xcdfe0)
[leak]Memory Range: [0x4fe3b0 - 0x4fe3bc]
Call Stack (depth 1):
  #0  0x3f931fe0 -  in syscall (/home/wuhuang/fuzz/qasan/cramfs-root/lib/arm-linux-gnueabi/libc-2.13.so+0xcdfe0)
[leak]Memory Range: [0x4fe4d8 - 0x4fe518]
Call Stack (depth 1):
  #0  0x3f931fe0 -  in syscall (/home/wuhuang/fuzz/qasan/cramfs-root/lib/arm-linux-gnueabi/libc-2.13.so+0xcdfe0)
[leak]Memory Range: [0x4fe630 - 0x4fe631]
Call Stack (depth 1):
  #0  0x3f931fe0 -  in syscall (/home/wuhuang/fuzz/qasan/cramfs-root/lib/arm-linux-gnueabi/libc-2.13.so+0xcdfe0)
[leak]Memory Range: [0x4fe750 - 0x4fe75c]
Call Stack (depth 1):
  #0  0x3f931fe0 -  in syscall (/home/wuhuang/fuzz/qasan/cramfs-root/lib/arm-linux-gnueabi/libc-2.13.so+0xcdfe0)
[leak]Memory Range: [0x4fe878 - 0x4fe8b0]
Call Stack (depth 1):
  #0  0x3f931fe0 -  in syscall (/home/wuhuang/fuzz/qasan/cramfs-root/lib/arm-linux-gnueabi/libc-2.13.so+0xcdfe0)
[leak]Memory Range: [0x4fe9c8 - 0x4fe9cc]
Call Stack (depth 1):
  #0  0x3f931fe0 -  in syscall (/home/wuhuang/fuzz/qasan/cramfs-root/lib/arm-linux-gnueabi/libc-2.13.so+0xcdfe0)
[leak]Memory Range: [0x4feae8 - 0x4feaf4]
Call Stack (depth 1):
  #0  0x3f931fe0 -  in syscall (/home/wuhuang/fuzz/qasan/cramfs-root/lib/arm-linux-gnueabi/libc-2.13.so+0xcdfe0)
[leak]Memory Range: [0x4fec10 - 0x4fec4f]
Call Stack (depth 1):
  #0  0x3f931fe0 -  in syscall (/home/wuhuang/fuzz/qasan/cramfs-root/lib/arm-linux-gnueabi/libc-2.13.so+0xcdfe0)
[leak]Memory Range: [0x4fed68 - 0x4fed6c]
Call Stack (depth 1):
  #0  0x3f931fe0 -  in syscall (/home/wuhuang/fuzz/qasan/cramfs-root/lib/arm-linux-gnueabi/libc-2.13.so+0xcdfe0)
[leak]Memory Range: [0x4fee88 - 0x4fee94]
Call Stack (depth 1):
  #0  0x3f931fe0 -  in syscall (/home/wuhuang/fuzz/qasan/cramfs-root/lib/arm-linux-gnueabi/libc-2.13.so+0xcdfe0)
[leak]Memory Range: [0x4fefb0 - 0x4fefe8]
Call Stack (depth 1):
  #0  0x3f931fe0 -  in syscall (/home/wuhuang/fuzz/qasan/cramfs-root/lib/arm-linux-gnueabi/libc-2.13.so+0xcdfe0)
[leak]Memory Range: [0x4ff100 - 0x4ff104]
Call Stack (depth 1):
  #0  0x3f931fe0 -  in syscall (/home/wuhuang/fuzz/qasan/cramfs-root/lib/arm-linux-gnueabi/libc-2.13.so+0xcdfe0)
[leak]Memory Range: [0x4ff220 - 0x4ff22c]
Call Stack (depth 1):
  #0  0x3f931fe0 -  in syscall (/home/wuhuang/fuzz/qasan/cramfs-root/lib/arm-linux-gnueabi/libc-2.13.so+0xcdfe0)
[leak]Memory Range: [0x4ff348 - 0x4ff379]
Call Stack (depth 1):
  #0  0x3f931fe0 -  in syscall (/home/wuhuang/fuzz/qasan/cramfs-root/lib/arm-linux-gnueabi/libc-2.13.so+0xcdfe0)
[leak]Memory Range: [0x4ff498 - 0x4ff4a0]
Call Stack (depth 1):
  #0  0x3f931fe0 -  in syscall (/home/wuhuang/fuzz/qasan/cramfs-root/lib/arm-linux-gnueabi/libc-2.13.so+0xcdfe0)
[leak]Memory Range: [0x4ff5b8 - 0x4ff5c4]
Call Stack (depth 1):
  #0  0x3f931fe0 -  in syscall (/home/wuhuang/fuzz/qasan/cramfs-root/lib/arm-linux-gnueabi/libc-2.13.so+0xcdfe0)
[leak]Memory Range: [0x4ff6e0 - 0x4ff70c]
Call Stack (depth 1):
  #0  0x3f931fe0 -  in syscall (/home/wuhuang/fuzz/qasan/cramfs-root/lib/arm-linux-gnueabi/libc-2.13.so+0xcdfe0)
[leak]Memory Range: [0x4ff828 - 0x4ff82c]
Call Stack (depth 1):
  #0  0x3f931fe0 -  in syscall (/home/wuhuang/fuzz/qasan/cramfs-root/lib/arm-linux-gnueabi/libc-2.13.so+0xcdfe0)
[leak]Memory Range: [0x4ff948 - 0x4ff954]
Call Stack (depth 1):
  #0  0x3f931fe0 -  in syscall (/home/wuhuang/fuzz/qasan/cramfs-root/lib/arm-linux-gnueabi/libc-2.13.so+0xcdfe0)
[leak]Memory Range: [0x4ffa70 - 0x4ffa9a]
Call Stack (depth 1):
  #0  0x3f931fe0 -  in syscall (/home/wuhuang/fuzz/qasan/cramfs-root/lib/arm-linux-gnueabi/libc-2.13.so+0xcdfe0)
[leak]Memory Range: [0x4ffbb8 - 0x4ffbbf]
Call Stack (depth 1):
  #0  0x3f931fe0 -  in syscall (/home/wuhuang/fuzz/qasan/cramfs-root/lib/arm-linux-gnueabi/libc-2.13.so+0xcdfe0)
[leak]Memory Range: [0x4ffcd8 - 0x4ffce4]
Call Stack (depth 1):
  #0  0x3f931fe0 -  in syscall (/home/wuhuang/fuzz/qasan/cramfs-root/lib/arm-linux-gnueabi/libc-2.13.so+0xcdfe0)
[leak]Memory Range: [0x4ffe00 - 0x4ffe35]
Call Stack (depth 1):
  #0  0x3f931fe0 -  in syscall (/home/wuhuang/fuzz/qasan/cramfs-root/lib/arm-linux-gnueabi/libc-2.13.so+0xcdfe0)
[leak]Memory Range: [0x4fff50 - 0x4fff54]
Call Stack (depth 1):
  #0  0x3f931fe0 -  in syscall (/home/wuhuang/fuzz/qasan/cramfs-root/lib/arm-linux-gnueabi/libc-2.13.so+0xcdfe0)
[leak]Memory Range: [0x500070 - 0x50007c]
Call Stack (depth 1):
  #0  0x3f931fe0 -  in syscall (/home/wuhuang/fuzz/qasan/cramfs-root/lib/arm-linux-gnueabi/libc-2.13.so+0xcdfe0)
[leak]Memory Range: [0x500198 - 0x5001d0]
Call Stack (depth 1):
  #0  0x3f931fe0 -  in syscall (/home/wuhuang/fuzz/qasan/cramfs-root/lib/arm-linux-gnueabi/libc-2.13.so+0xcdfe0)
[leak]Memory Range: [0x5002e8 - 0x5002ec]
Call Stack (depth 1):
  #0  0x3f931fe0 -  in syscall (/home/wuhuang/fuzz/qasan/cramfs-root/lib/arm-linux-gnueabi/libc-2.13.so+0xcdfe0)
[leak]Memory Range: [0x500408 - 0x500414]
Call Stack (depth 1):
  #0  0x3f931fe0 -  in syscall (/home/wuhuang/fuzz/qasan/cramfs-root/lib/arm-linux-gnueabi/libc-2.13.so+0xcdfe0)
[leak]Memory Range: [0x500530 - 0x500559]
Call Stack (depth 1):
  #0  0x3f931fe0 -  in syscall (/home/wuhuang/fuzz/qasan/cramfs-root/lib/arm-linux-gnueabi/libc-2.13.so+0xcdfe0)
[leak]Memory Range: [0x500678 - 0x50067c]
Call Stack (depth 1):
  #0  0x3f931fe0 -  in syscall (/home/wuhuang/fuzz/qasan/cramfs-root/lib/arm-linux-gnueabi/libc-2.13.so+0xcdfe0)
[leak]Memory Range: [0x500798 - 0x5007a4]
Call Stack (depth 1):
  #0  0x3f931fe0 -  in syscall (/home/wuhuang/fuzz/qasan/cramfs-root/lib/arm-linux-gnueabi/libc-2.13.so+0xcdfe0)
[leak]Memory Range: [0x5008c0 - 0x5008f1]
Call Stack (depth 1):
  #0  0x3f931fe0 -  in syscall (/home/wuhuang/fuzz/qasan/cramfs-root/lib/arm-linux-gnueabi/libc-2.13.so+0xcdfe0)
[leak]Memory Range: [0x500a10 - 0x500a14]
Call Stack (depth 1):
  #0  0x3f931fe0 -  in syscall (/home/wuhuang/fuzz/qasan/cramfs-root/lib/arm-linux-gnueabi/libc-2.13.so+0xcdfe0)
[leak]Memory Range: [0x500b30 - 0x500b3c]
Call Stack (depth 1):
  #0  0x3f931fe0 -  in syscall (/home/wuhuang/fuzz/qasan/cramfs-root/lib/arm-linux-gnueabi/libc-2.13.so+0xcdfe0)
[leak]Memory Range: [0x500c58 - 0x500c84]
Call Stack (depth 1):
  #0  0x3f931fe0 -  in syscall (/home/wuhuang/fuzz/qasan/cramfs-root/lib/arm-linux-gnueabi/libc-2.13.so+0xcdfe0)
[leak]Memory Range: [0x500da0 - 0x500dab]
Call Stack (depth 1):
  #0  0x3f931fe0 -  in syscall (/home/wuhuang/fuzz/qasan/cramfs-root/lib/arm-linux-gnueabi/libc-2.13.so+0xcdfe0)
[leak]Memory Range: [0x500ec8 - 0x500ed4]
Call Stack (depth 1):
  #0  0x3f931fe0 -  in syscall (/home/wuhuang/fuzz/qasan/cramfs-root/lib/arm-linux-gnueabi/libc-2.13.so+0xcdfe0)
[leak]Memory Range: [0x500ff0 - 0x501028]
Call Stack (depth 1):
  #0  0x3f931fe0 -  in syscall (/home/wuhuang/fuzz/qasan/cramfs-root/lib/arm-linux-gnueabi/libc-2.13.so+0xcdfe0)
[leak]Memory Range: [0x501140 - 0x501144]
Call Stack (depth 1):
  #0  0x3f931fe0 -  in syscall (/home/wuhuang/fuzz/qasan/cramfs-root/lib/arm-linux-gnueabi/libc-2.13.so+0xcdfe0)
[leak]Memory Range: [0x501260 - 0x50126c]
Call Stack (depth 1):
  #0  0x3f931fe0 -  in syscall (/home/wuhuang/fuzz/qasan/cramfs-root/lib/arm-linux-gnueabi/libc-2.13.so+0xcdfe0)
[leak]Memory Range: [0x501388 - 0x5013c9]
Call Stack (depth 1):
  #0  0x3f931fe0 -  in syscall (/home/wuhuang/fuzz/qasan/cramfs-root/lib/arm-linux-gnueabi/libc-2.13.so+0xcdfe0)
[leak]Memory Range: [0x5014e8 - 0x5014ee]
Call Stack (depth 1):
  #0  0x3f931fe0 -  in syscall (/home/wuhuang/fuzz/qasan/cramfs-root/lib/arm-linux-gnueabi/libc-2.13.so+0xcdfe0)
[leak]Memory Range: [0x5019a8 - 0x501a30]
Call Stack (depth 1):
  #0  0x3f931fe0 -  in syscall (/home/wuhuang/fuzz/qasan/cramfs-root/lib/arm-linux-gnueabi/libc-2.13.so+0xcdfe0)
[leak]Memory Range: [0x50c028 - 0x50c037]
Call Stack (depth 1):
  #0  0x3f931fe0 -  in syscall (/home/wuhuang/fuzz/qasan/cramfs-root/lib/arm-linux-gnueabi/libc-2.13.so+0xcdfe0)
[leak]Memory Range: [0x3e28c5f0 - 0x3e28c7b0]
Call Stack (depth 1):
  #0  0x3f931fe0 -  in syscall (/home/wuhuang/fuzz/qasan/cramfs-root/lib/arm-linux-gnueabi/libc-2.13.so+0xcdfe0)
[INFO]MEMORY LEAK DETECTED[INFO]